"../../../Engine/Content/EngineMaterials/T_Default_Material_Grid_M.ubulk" 0
"../../../Engine/Content/EngineMaterials/T_Default_Material_Grid_M.uasset" 1
"../../../Engine/Content/EngineMaterials/T_Default_Material_Grid_M.uexp" 2
"../../../Engine/Content/EngineMaterials/T_Default_Material_Grid_N.ubulk" 3
"../../../Engine/Content/EngineMaterials/T_Default_Material_Grid_N.uasset" 4
"../../../Engine/Content/EngineMaterials/T_Default_Material_Grid_N.uexp" 5
"../../../Engine/Content/Functions/Engine_MaterialFunctions01/Opacity/CameraDepthFade.uasset" 6
"../../../Engine/Content/Functions/Engine_MaterialFunctions01/Opacity/CameraDepthFade.uexp" 7
"../../../Engine/Content/EngineMaterials/DefaultMaterial.uasset" 8
"../../../Engine/Content/EngineMaterials/DefaultMaterial.uexp" 9
"../../../Engine/Content/BasicShapes/Sphere.ubulk" 10
"../../../Engine/Content/BasicShapes/Sphere.uasset" 11
"../../../Engine/Content/BasicShapes/Sphere.uexp" 12
"../../../Engine/Content/EngineMaterials/WorldGridMaterial.uasset" 13
"../../../Engine/Content/EngineMaterials/WorldGridMaterial.uexp" 14
"../../../Engine/Content/BasicShapes/Plane.ubulk" 15
"../../../Engine/Content/BasicShapes/Plane.uasset" 16
"../../../Engine/Content/BasicShapes/Plane.uexp" 17
"../../../Engine/Content/BasicShapes/Cylinder.ubulk" 18
"../../../Engine/Content/BasicShapes/Cylinder.uasset" 19
"../../../Engine/Content/BasicShapes/Cylinder.uexp" 20
"../../../Engine/Content/BasicShapes/Cone.ubulk" 21
"../../../Engine/Content/BasicShapes/Cone.uasset" 22
"../../../Engine/Content/BasicShapes/Cone.uexp" 23
"../../../Engine/Content/ArtTools/RenderToTexture/Meshes/S_1_Unit_Plane.ubulk" 24
"../../../Engine/Content/ArtTools/RenderToTexture/Meshes/S_1_Unit_Plane.uasset" 25
"../../../Engine/Content/ArtTools/RenderToTexture/Meshes/S_1_Unit_Plane.uexp" 26
"../../../Engine/Content/EditorLandscapeResources/DefaultAlphaTexture.uasset" 27
"../../../Engine/Content/EditorLandscapeResources/DefaultAlphaTexture.uexp" 28
"../../../Engine/Content/EditorLandscapeResources/DataLayer.uasset" 29
"../../../Engine/Content/EditorLandscapeResources/DataLayer.uexp" 30
"../../../Engine/Content/EditorMaterials/PreviewShadowIndicator.ubulk" 31
"../../../Engine/Content/EditorMaterials/PreviewShadowIndicator.uasset" 32
"../../../Engine/Content/EditorMaterials/PreviewShadowIndicator.uexp" 33
"../../../Engine/Content/EditorMaterials/PreviewShadowIndicatorMaterial.uasset" 34
"../../../Engine/Content/EditorMaterials/PreviewShadowIndicatorMaterial.uexp" 35
"../../../Engine/Content/EditorMaterials/MAT_Groups_Visibility.uasset" 36
"../../../Engine/Content/EditorMaterials/MAT_Groups_Visibility.uexp" 37
"../../../Engine/Content/EditorMaterials/MAT_Groups_Toggle.uasset" 38
"../../../Engine/Content/EditorMaterials/MAT_Groups_Toggle.uexp" 39
"../../../Engine/Content/EditorMaterials/MatineeGroups/MAT_Groups_Vector.uasset" 40
"../../../Engine/Content/EditorMaterials/MatineeGroups/MAT_Groups_Vector.uexp" 41
"../../../Engine/Content/EditorMaterials/MatineeGroups/MAT_Groups_Sound.uasset" 42
"../../../Engine/Content/EditorMaterials/MatineeGroups/MAT_Groups_Sound.uexp" 43
"../../../Engine/Content/EditorMaterials/MatineeGroups/MAT_Groups_Slomo.uasset" 44
"../../../Engine/Content/EditorMaterials/MatineeGroups/MAT_Groups_Slomo.uexp" 45
"../../../Engine/Content/EditorMaterials/MatineeGroups/MAT_Groups_Move.uasset" 46
"../../../Engine/Content/EditorMaterials/MatineeGroups/MAT_Groups_Move.uexp" 47
"../../../Engine/Content/EditorMaterials/MatineeGroups/MAT_Groups_Float.uasset" 48
"../../../Engine/Content/EditorMaterials/MatineeGroups/MAT_Groups_Float.uexp" 49
"../../../Engine/Content/EditorMaterials/MatineeGroups/MAT_Groups_Fade.uasset" 50
"../../../Engine/Content/EditorMaterials/MatineeGroups/MAT_Groups_Fade.uexp" 51
"../../../Engine/Content/EditorMaterials/MatineeGroups/MAT_Groups_Event.uasset" 52
"../../../Engine/Content/EditorMaterials/MatineeGroups/MAT_Groups_Event.uexp" 53
"../../../Engine/Content/EditorMaterials/ParticleSystems/PSysThumbnail_OOD.ubulk" 54
"../../../Engine/Content/EditorMaterials/ParticleSystems/PSysThumbnail_OOD.uasset" 55
"../../../Engine/Content/EditorMaterials/ParticleSystems/PSysThumbnail_OOD.uexp" 56
"../../../Engine/Content/EditorMaterials/ParticleSystems/PSysThumbnail_NoImage.ubulk" 57
"../../../Engine/Content/EditorMaterials/ParticleSystems/PSysThumbnail_NoImage.uasset" 58
"../../../Engine/Content/EditorMaterials/ParticleSystems/PSysThumbnail_NoImage.uexp" 59
"../../../Engine/Content/EditorMaterials/MatineeGroups/MAT_Groups_Director.uasset" 60
"../../../Engine/Content/EditorMaterials/MatineeGroups/MAT_Groups_Director.uexp" 61
"../../../Engine/Content/EditorMaterials/MatineeGroups/MAT_Groups_AudioMaster.uasset" 62
"../../../Engine/Content/EditorMaterials/MatineeGroups/MAT_Groups_AudioMaster.uexp" 63
"../../../Engine/Content/EditorMaterials/MatineeGroups/MAT_Groups_Anim.uasset" 64
"../../../Engine/Content/EditorMaterials/MatineeGroups/MAT_Groups_Anim.uexp" 65
"../../../Engine/Content/EditorMaterials/MatineeGroups/MAT_ColorTrack.uasset" 66
"../../../Engine/Content/EditorMaterials/MatineeGroups/MAT_ColorTrack.uexp" 67
"../../../Engine/Content/Functions/Engine_MaterialFunctions02/Utility/MakeFloat4.uasset" 68
"../../../Engine/Content/Functions/Engine_MaterialFunctions02/Utility/MakeFloat4.uexp" 69
"../../../Engine/Content/Functions/Engine_MaterialFunctions02/Utility/MakeFloat3.uasset" 70
"../../../Engine/Content/Functions/Engine_MaterialFunctions02/Utility/MakeFloat3.uexp" 71
"../../../Engine/Content/Functions/Engine_MaterialFunctions02/Utility/BreakOutFloat3Components.uasset" 72
"../../../Engine/Content/Functions/Engine_MaterialFunctions02/Utility/BreakOutFloat3Components.uexp" 73
"../../../Engine/Content/EditorMaterials/WorldPartition/WorldPartitionSpatialHashGridPreviewMaterial.uasset" 74
"../../../Engine/Content/EditorMaterials/WorldPartition/WorldPartitionSpatialHashGridPreviewMaterial.uexp" 75
"../../../Engine/Content/EditorMaterials/Camera/CineMat.uasset" 76
"../../../Engine/Content/EditorMaterials/Camera/CineMat.uexp" 77
"../../../Engine/Content/EditorMaterials/Camera/MI_CineMat_Rig.uasset" 78
"../../../Engine/Content/EditorMaterials/Camera/MI_CineMat_Rig.uexp" 79
"../../../Engine/Content/EditorMeshes/Camera/SM_RailRig_Track.ubulk" 80
"../../../Engine/Content/EditorMeshes/Camera/SM_RailRig_Track.uasset" 81
"../../../Engine/Content/EditorMeshes/Camera/SM_RailRig_Track.uexp" 82
"../../../Engine/Content/EditorMeshes/Camera/SM_RailRig_Mount.ubulk" 83
"../../../Engine/Content/EditorMeshes/Camera/SM_RailRig_Mount.uasset" 84
"../../../Engine/Content/EditorMeshes/Camera/SM_RailRig_Mount.uexp" 85
"../../../Engine/Content/EditorMeshes/Camera/SM_CraneRig_Mount.ubulk" 86
"../../../Engine/Content/EditorMeshes/Camera/SM_CraneRig_Mount.uasset" 87
"../../../Engine/Content/EditorMeshes/Camera/SM_CraneRig_Mount.uexp" 88
"../../../Engine/Content/EditorMeshes/Camera/SM_CraneRig_Body.ubulk" 89
"../../../Engine/Content/EditorMeshes/Camera/SM_CraneRig_Body.uasset" 90
"../../../Engine/Content/EditorMeshes/Camera/SM_CraneRig_Body.uexp" 91
"../../../Engine/Content/EditorMeshes/Camera/SM_CraneRig_Base.ubulk" 92
"../../../Engine/Content/EditorMeshes/Camera/SM_CraneRig_Base.uasset" 93
"../../../Engine/Content/EditorMeshes/Camera/SM_CraneRig_Base.uexp" 94
"../../../Engine/Content/EditorMeshes/Camera/SM_CraneRig_Arm.ubulk" 95
"../../../Engine/Content/EditorMeshes/Camera/SM_CraneRig_Arm.uasset" 96
"../../../Engine/Content/EditorMeshes/Camera/SM_CraneRig_Arm.uexp" 97
"../../../Engine/Content/EditorResources/S_TriggerSphere.uasset" 98
"../../../Engine/Content/EditorResources/S_TriggerSphere.uexp" 99
"../../../Engine/Content/EditorResources/S_TriggerCapsule.uasset" 100
"../../../Engine/Content/EditorResources/S_TriggerCapsule.uexp" 101
"../../../Engine/Content/EditorResources/S_TriggerBox.uasset" 102
"../../../Engine/Content/EditorResources/S_TriggerBox.uexp" 103
"../../../Engine/Content/EditorResources/S_Trigger.ubulk" 104
"../../../Engine/Content/EditorResources/S_Trigger.uasset" 105
"../../../Engine/Content/EditorResources/S_Trigger.uexp" 106
"../../../Engine/Content/EditorResources/S_Terrain.ubulk" 107
"../../../Engine/Content/EditorResources/S_Terrain.uasset" 108
"../../../Engine/Content/EditorResources/S_Terrain.uexp" 109
"../../../Engine/Content/EditorResources/S_Solver.ubulk" 110
"../../../Engine/Content/EditorResources/S_Solver.uasset" 111
"../../../Engine/Content/EditorResources/S_Solver.uexp" 112
"../../../Engine/Content/EditorResources/S_BoxReflectionCapture.uasset" 113
"../../../Engine/Content/EditorResources/S_BoxReflectionCapture.uexp" 114
"../../../Engine/Content/EditorResources/S_Actor.ubulk" 115
"../../../Engine/Content/EditorResources/S_Actor.uasset" 116
"../../../Engine/Content/EditorResources/S_Actor.uexp" 117
"../../../Engine/Content/EditorResources/EmptyActor.uasset" 118
"../../../Engine/Content/EditorResources/EmptyActor.uexp" 119
"../../../Engine/Content/EditorResources/BSPVertex.uasset" 120
"../../../Engine/Content/EditorResources/BSPVertex.uexp" 121
"../../../Engine/Content/EditorResources/SequenceRecorder/RecordingIndicator.uasset" 122
"../../../Engine/Content/EditorResources/SequenceRecorder/RecordingIndicator.uexp" 123
"../../../Engine/Content/EditorResources/SequenceRecorder/Countdown.uasset" 124
"../../../Engine/Content/EditorResources/SequenceRecorder/Countdown.uexp" 125
"../../../Engine/Content/EngineDamageTypes/DmgTypeBP_Environmental.uasset" 126
"../../../Engine/Content/EngineDamageTypes/DmgTypeBP_Environmental.uexp" 127
"../../../Engine/Content/Functions/Engine_MaterialFunctions02/Utility/CameraDirectionVector.uasset" 128
"../../../Engine/Content/Functions/Engine_MaterialFunctions02/Utility/CameraDirectionVector.uexp" 129
"../../../Engine/Content/EngineDebugMaterials/VolumeToRender.uasset" 130
"../../../Engine/Content/EngineDebugMaterials/VolumeToRender.uexp" 131
"../../../Engine/Content/EngineDebugMaterials/M_VolumeRenderSphereTracePP.uasset" 132
"../../../Engine/Content/EngineDebugMaterials/M_VolumeRenderSphereTracePP.uexp" 133
"../../../Engine/Content/EngineDebugMaterials/M_SimpleUnlitTranslucent.uasset" 134
"../../../Engine/Content/EngineDebugMaterials/M_SimpleUnlitTranslucent.uexp" 135
"../../../Engine/Content/EngineDebugMaterials/DebugMeshMaterial.uasset" 136
"../../../Engine/Content/EngineDebugMaterials/DebugMeshMaterial.uexp" 137
"../../../Engine/Content/EngineDebugMaterials/DebugEditorMaterial.uasset" 138
"../../../Engine/Content/EngineDebugMaterials/DebugEditorMaterial.uexp" 139
"../../../Engine/Content/EngineFonts/Faces/RobotoLight.uexp" 140
"../../../Engine/Content/EngineFonts/Faces/RobotoLight.uasset" 141
"../../../Engine/Content/EngineFonts/Faces/RobotoLight.ufont" 142
"../../../Engine/Content/EngineFonts/Faces/RobotoBold.uexp" 143
"../../../Engine/Content/EngineFonts/Faces/RobotoBold.uasset" 144
"../../../Engine/Content/EngineFonts/Faces/RobotoBold.ufont" 145
"../../../Engine/Content/EngineFonts/Faces/RobotoRegular.uexp" 146
"../../../Engine/Content/EngineFonts/Faces/RobotoRegular.uasset" 147
"../../../Engine/Content/EngineFonts/Faces/RobotoRegular.ufont" 148
"../../../Engine/Content/EngineFonts/Faces/DroidSansFallback.uexp" 149
"../../../Engine/Content/EngineFonts/Faces/DroidSansFallback.uasset" 150
"../../../Engine/Content/EngineFonts/Faces/DroidSansFallback.ufont" 151
"../../../Engine/Content/EngineFonts/Faces/RobotoItalic.uexp" 152
"../../../Engine/Content/EngineFonts/Faces/RobotoItalic.uasset" 153
"../../../Engine/Content/EngineFonts/Faces/RobotoItalic.ufont" 154
"../../../Engine/Content/EngineFonts/Faces/RobotoBoldItalic.uexp" 155
"../../../Engine/Content/EngineFonts/Faces/RobotoBoldItalic.uasset" 156
"../../../Engine/Content/EngineFonts/Faces/RobotoBoldItalic.ufont" 157
"../../../Engine/Content/EngineFonts/Roboto.uasset" 158
"../../../Engine/Content/EngineFonts/Roboto.uexp" 159
"../../../Engine/Content/EngineResources/WhiteSquareTexture.uasset" 160
"../../../Engine/Content/EngineResources/WhiteSquareTexture.uexp" 161
"../../../Engine/Content/EngineMaterials/Widget3DPassThrough.uasset" 162
"../../../Engine/Content/EngineMaterials/Widget3DPassThrough.uexp" 163
"../../../Engine/Content/EngineMaterials/Widget3DPassThrough_Translucent.uasset" 164
"../../../Engine/Content/EngineMaterials/Widget3DPassThrough_Translucent.uexp" 165
"../../../Engine/Content/EngineMaterials/Widget3DPassThrough_Translucent_OneSided.uasset" 166
"../../../Engine/Content/EngineMaterials/Widget3DPassThrough_Translucent_OneSided.uexp" 167
"../../../Engine/Content/EngineMaterials/Widget3DPassThrough_Opaque.uasset" 168
"../../../Engine/Content/EngineMaterials/Widget3DPassThrough_Opaque.uexp" 169
"../../../Engine/Content/EngineMaterials/Widget3DPassThrough_Opaque_OneSided.uasset" 170
"../../../Engine/Content/EngineMaterials/Widget3DPassThrough_Opaque_OneSided.uexp" 171
"../../../Engine/Content/EngineMaterials/Widget3DPassThrough_Masked_OneSided.uasset" 172
"../../../Engine/Content/EngineMaterials/Widget3DPassThrough_Masked_OneSided.uexp" 173
"../../../Engine/Content/EngineMaterials/Widget3DPassThrough_Masked.uasset" 174
"../../../Engine/Content/EngineMaterials/Widget3DPassThrough_Masked.uexp" 175
"../../../Engine/Content/EngineMaterials/WeightMapPlaceholderTexture.uasset" 176
"../../../Engine/Content/EngineMaterials/WeightMapPlaceholderTexture.uexp" 177
"../../../Engine/Content/EngineMeshes/Sphere.ubulk" 178
"../../../Engine/Content/EngineMeshes/Sphere.uasset" 179
"../../../Engine/Content/EngineMeshes/Sphere.uexp" 180
"../../../Engine/Content/EngineMeshes/Cylinder.ubulk" 181
"../../../Engine/Content/EngineMeshes/Cylinder.uasset" 182
"../../../Engine/Content/EngineMeshes/Cylinder.uexp" 183
"../../../Engine/Content/EngineMaterials/RemoveSurfaceMaterial.uasset" 184
"../../../Engine/Content/EngineMaterials/RemoveSurfaceMaterial.uexp" 185
"../../../Engine/Content/EngineMaterials/PreintegratedSkinBRDF.uasset" 186
"../../../Engine/Content/EngineMaterials/PreintegratedSkinBRDF.uexp" 187
"../../../Engine/Content/EngineMaterials/DefaultCalibrationGrayscale.uasset" 188
"../../../Engine/Content/EngineMaterials/DefaultCalibrationGrayscale.uexp" 189
"../../../Engine/Content/EngineMaterials/PPM_DefaultCalibrationGrayscale.uasset" 190
"../../../Engine/Content/EngineMaterials/PPM_DefaultCalibrationGrayscale.uexp" 191
"../../../Engine/Content/EngineMaterials/DefaultCalibrationColor.uasset" 192
"../../../Engine/Content/EngineMaterials/DefaultCalibrationColor.uexp" 193
"../../../Engine/Content/EngineMaterials/PPM_DefaultCalibrationColor.uasset" 194
"../../../Engine/Content/EngineMaterials/PPM_DefaultCalibrationColor.uexp" 195
"../../../Engine/Content/Functions/Engine_MaterialFunctions02/WorldPositionOffset/CameraOffset.uasset" 196
"../../../Engine/Content/Functions/Engine_MaterialFunctions02/WorldPositionOffset/CameraOffset.uexp" 197
"../../../Engine/Content/EngineMaterials/PhAT_JointLimitMaterial.uasset" 198
"../../../Engine/Content/EngineMaterials/PhAT_JointLimitMaterial.uexp" 199
"../../../Engine/Content/EngineMaterials/InvalidLightmapSettings.ubulk" 200
"../../../Engine/Content/EngineMaterials/InvalidLightmapSettings.uasset" 201
"../../../Engine/Content/EngineMaterials/InvalidLightmapSettings.uexp" 202
"../../../Engine/Content/EngineMaterials/M_InvalidLightmapSettings.uasset" 203
"../../../Engine/Content/EngineMaterials/M_InvalidLightmapSettings.uexp" 204
"../../../Engine/Content/EngineMaterials/MiniFont.uasset" 205
"../../../Engine/Content/EngineMaterials/MiniFont.uexp" 206
"../../../Engine/Content/EngineMaterials/Good64x64TilingNoiseHighFreq.uasset" 207
"../../../Engine/Content/EngineMaterials/Good64x64TilingNoiseHighFreq.uexp" 208
"../../../Engine/Content/EngineMaterials/GizmoMaterial.uasset" 209
"../../../Engine/Content/EngineMaterials/GizmoMaterial.uexp" 210
"../../../Engine/Content/EngineMaterials/BaseFlattenEmissiveMap_VT.uasset" 211
"../../../Engine/Content/EngineMaterials/BaseFlattenEmissiveMap_VT.uexp" 212
"../../../Engine/Content/EngineMaterials/BaseFlattenGrayscaleMap_VT.uasset" 213
"../../../Engine/Content/EngineMaterials/BaseFlattenGrayscaleMap_VT.uexp" 214
"../../../Engine/Content/EngineMaterials/BaseFlattenLinearColor_VT.uasset" 215
"../../../Engine/Content/EngineMaterials/BaseFlattenLinearColor_VT.uexp" 216
"../../../Engine/Content/EngineMaterials/Black_1x1_EXR_Texture_VT.uasset" 217
"../../../Engine/Content/EngineMaterials/Black_1x1_EXR_Texture_VT.uexp" 218
"../../../Engine/Content/EngineMaterials/BaseFlattenDiffuseMap_VT.uasset" 219
"../../../Engine/Content/EngineMaterials/BaseFlattenDiffuseMap_VT.uexp" 220
"../../../Engine/Content/EngineMaterials/BaseFlattenNormalMap_VT.uasset" 221
"../../../Engine/Content/EngineMaterials/BaseFlattenNormalMap_VT.uexp" 222
"../../../Engine/Content/EngineMaterials/FlattenMaterial_WS_Normal_VT.uasset" 223
"../../../Engine/Content/EngineMaterials/FlattenMaterial_WS_Normal_VT.uexp" 224
"../../../Engine/Content/EngineMaterials/FlattenMaterial_VT.uasset" 225
"../../../Engine/Content/EngineMaterials/FlattenMaterial_VT.uexp" 226
"../../../Engine/Content/EngineMaterials/BaseFlattenNormalMap.uasset" 227
"../../../Engine/Content/EngineMaterials/BaseFlattenNormalMap.uexp" 228
"../../../Engine/Content/EngineMaterials/BaseFlattenGrayscaleMap.uasset" 229
"../../../Engine/Content/EngineMaterials/BaseFlattenGrayscaleMap.uexp" 230
"../../../Engine/Content/EngineMaterials/BaseFlattenDiffuseMap.uasset" 231
"../../../Engine/Content/EngineMaterials/BaseFlattenDiffuseMap.uexp" 232
"../../../Engine/Content/Functions/Engine_MaterialFunctions02/PivotPainter2/Black_1x1_EXR_Texture.uasset" 233
"../../../Engine/Content/Functions/Engine_MaterialFunctions02/PivotPainter2/Black_1x1_EXR_Texture.uexp" 234
"../../../Engine/Content/EngineMaterials/BaseFlattenEmissiveMap.uasset" 235
"../../../Engine/Content/EngineMaterials/BaseFlattenEmissiveMap.uexp" 236
"../../../Engine/Content/EngineMaterials/BaseFlattenLinearColor.uasset" 237
"../../../Engine/Content/EngineMaterials/BaseFlattenLinearColor.uexp" 238
"../../../Engine/Content/EngineMaterials/FlattenMaterial.uasset" 239
"../../../Engine/Content/EngineMaterials/FlattenMaterial.uexp" 240
"../../../Engine/Content/EngineMaterials/DefaultWhiteGrid_Low.uasset" 241
"../../../Engine/Content/EngineMaterials/DefaultWhiteGrid_Low.uexp" 242
"../../../Engine/Content/EngineMaterials/EmissiveMeshMaterial.uasset" 243
"../../../Engine/Content/EngineMaterials/EmissiveMeshMaterial.uexp" 244
"../../../Engine/Content/EngineMaterials/DefaultWhiteGrid.ubulk" 245
"../../../Engine/Content/EngineMaterials/DefaultWhiteGrid.uasset" 246
"../../../Engine/Content/EngineMaterials/DefaultWhiteGrid.uexp" 247
"../../../Engine/Content/EngineFonts/RobotoDistanceField.uasset" 248
"../../../Engine/Content/EngineFonts/RobotoDistanceField.uexp" 249
"../../../Engine/Content/EngineMaterials/DefaultTextMaterialOpaque.uasset" 250
"../../../Engine/Content/EngineMaterials/DefaultTextMaterialOpaque.uexp" 251
"../../../Engine/Content/EngineMaterials/DefaultDiffuse.ubulk" 252
"../../../Engine/Content/EngineMaterials/DefaultDiffuse.uasset" 253
"../../../Engine/Content/EngineMaterials/DefaultDiffuse.uexp" 254
"../../../Engine/Content/Functions/Engine_MaterialFunctions02/Utility/BreakOutFloat2Components.uasset" 255
"../../../Engine/Content/Functions/Engine_MaterialFunctions02/Utility/BreakOutFloat2Components.uexp" 256
"../../../Engine/Content/EngineMaterials/DefaultPostProcessMaterial.uasset" 257
"../../../Engine/Content/EngineMaterials/DefaultPostProcessMaterial.uexp" 258
"../../../Engine/Content/EngineMaterials/DefaultPhysicalMaterial.uasset" 259
"../../../Engine/Content/EngineMaterials/DefaultPhysicalMaterial.uexp" 260
"../../../Engine/Content/EngineMaterials/DefaultLightFunctionMaterial.uasset" 261
"../../../Engine/Content/EngineMaterials/DefaultLightFunctionMaterial.uexp" 262
"../../../Engine/Content/EngineMaterials/DefaultDestructiblePhysicalMaterial.uasset" 263
"../../../Engine/Content/EngineMaterials/DefaultDestructiblePhysicalMaterial.uexp" 264
"../../../Engine/Content/EngineMaterials/DefaultDeferredDecalMaterial.uasset" 265
"../../../Engine/Content/EngineMaterials/DefaultDeferredDecalMaterial.uexp" 266
"../../../Engine/Content/EngineResources/GradientTexture0.uasset" 267
"../../../Engine/Content/EngineResources/GradientTexture0.uexp" 268
"../../../Engine/Content/EngineResources/DefaultVolumeTexture2D.uasset" 269
"../../../Engine/Content/EngineResources/DefaultVolumeTexture2D.uexp" 270
"../../../Engine/Content/EngineResources/DefaultVolumeTexture.uasset" 271
"../../../Engine/Content/EngineResources/DefaultVolumeTexture.uexp" 272
"../../../Engine/Content/EngineResources/DefaultTextureCube.uasset" 273
"../../../Engine/Content/EngineResources/DefaultTextureCube.uexp" 274
"../../../Engine/Content/EngineResources/DefaultTexture.ubulk" 275
"../../../Engine/Content/EngineResources/DefaultTexture.uasset" 276
"../../../Engine/Content/EngineResources/DefaultTexture.uexp" 277
"../../../Engine/Content/EngineResources/Black.uasset" 278
"../../../Engine/Content/EngineResources/Black.uexp" 279
"../../../Engine/Content/EngineMaterials/DefaultBokeh.uasset" 280
"../../../Engine/Content/EngineMaterials/DefaultBokeh.uexp" 281
"../../../Engine/Content/EngineMaterials/DefaultBloomKernel.uasset" 282
"../../../Engine/Content/EngineMaterials/DefaultBloomKernel.uexp" 283
"../../../Engine/Content/EngineMaterials/BlueNoise.uasset" 284
"../../../Engine/Content/EngineMaterials/BlueNoise.uexp" 285
"../../../Engine/Content/EngineResources/FilmGrains/Marcie_Grain_v3_128_M2_000.uasset" 286
"../../../Engine/Content/EngineResources/FilmGrains/Marcie_Grain_v3_128_M2_000.uexp" 287
"../../../Engine/Content/EngineSky/VolumetricClouds/CloudWeatherTexture.uasset" 288
"../../../Engine/Content/EngineSky/VolumetricClouds/CloudWeatherTexture.uexp" 289
"../../../Engine/Content/Functions/Engine_MaterialFunctions02/Utility/MakeFloat2.uasset" 290
"../../../Engine/Content/Functions/Engine_MaterialFunctions02/Utility/MakeFloat2.uexp" 291
"../../../Engine/Content/EngineSky/VolumetricClouds/CloudGradientTexture.uasset" 292
"../../../Engine/Content/EngineSky/VolumetricClouds/CloudGradientTexture.uexp" 293
"../../../Engine/Content/EngineSky/VolumetricClouds/T_NoiseShape64.ubulk" 294
"../../../Engine/Content/EngineSky/VolumetricClouds/T_NoiseShape64.uasset" 295
"../../../Engine/Content/EngineSky/VolumetricClouds/T_NoiseShape64.uexp" 296
"../../../Engine/Content/EngineSky/VolumetricClouds/T_VolumeNoiseShape64.uasset" 297
"../../../Engine/Content/EngineSky/VolumetricClouds/T_VolumeNoiseShape64.uexp" 298
"../../../Engine/Content/EngineSky/VolumetricClouds/T_NoiseErosion.ubulk" 299
"../../../Engine/Content/EngineSky/VolumetricClouds/T_NoiseErosion.uasset" 300
"../../../Engine/Content/EngineSky/VolumetricClouds/T_NoiseErosion.uexp" 301
"../../../Engine/Content/EngineSky/VolumetricClouds/T_VolumeNoiseErosion32.uasset" 302
"../../../Engine/Content/EngineSky/VolumetricClouds/T_VolumeNoiseErosion32.uexp" 303
"../../../Engine/Content/EngineSky/VolumetricClouds/m_SimpleVolumetricCloud.uasset" 304
"../../../Engine/Content/EngineSky/VolumetricClouds/m_SimpleVolumetricCloud.uexp" 305
"../../../Engine/Content/EngineSky/VolumetricClouds/m_SimpleVolumetricCloud_Inst.uasset" 306
"../../../Engine/Content/EngineSky/VolumetricClouds/m_SimpleVolumetricCloud_Inst.uexp" 307
"../../../Engine/Content/EngineSounds/Master.uasset" 308
"../../../Engine/Content/EngineSounds/Master.uexp" 309
"../../../Engine/Content/Functions/Engine_MaterialFunctions01/Shading/PowerToRoughness.uasset" 310
"../../../Engine/Content/Functions/Engine_MaterialFunctions01/Shading/PowerToRoughness.uexp" 311
"../../../Engine/Content/Functions/Engine_MaterialFunctions01/Shading/ConvertFromDiffSpec.uasset" 312
"../../../Engine/Content/Functions/Engine_MaterialFunctions01/Shading/ConvertFromDiffSpec.uexp" 313
"../../../Engine/Content/MobileResources/HUD/VirtualJoystick_Background.uasset" 314
"../../../Engine/Content/MobileResources/HUD/VirtualJoystick_Background.uexp" 315
"../../../Engine/Content/MobileResources/HUD/VirtualJoystick_Thumb.uasset" 316
"../../../Engine/Content/MobileResources/HUD/VirtualJoystick_Thumb.uexp" 317
"../../../Engine/Content/MobileResources/HUD/DefaultVirtualJoysticks.uasset" 318
"../../../Engine/Content/MobileResources/HUD/DefaultVirtualJoysticks.uexp" 319
"../../../Engine/Content/OpenWorldTemplate/HLOD/HLOD0_Instancing.uasset" 320
"../../../Engine/Content/OpenWorldTemplate/HLOD/HLOD0_Instancing.uexp" 321
"../../../Engine/Content/EngineMaterials/BlendFunc_DefBlend.uasset" 322
"../../../Engine/Content/EngineMaterials/BlendFunc_DefBlend.uexp" 323
"../../../Engine/Content/EngineMaterials/BlendFunc_DefBase.uasset" 324
"../../../Engine/Content/EngineMaterials/BlendFunc_DefBase.uexp" 325
"../../../Engine/Content/Functions/Engine_MaterialFunctions03/Blends/Blend_Overlay.uasset" 326
"../../../Engine/Content/Functions/Engine_MaterialFunctions03/Blends/Blend_Overlay.uexp" 327
"../../../Engine/Content/OpenWorldTemplate/LandscapeMaterial/T_GridChecker_A.ubulk" 328
"../../../Engine/Content/OpenWorldTemplate/LandscapeMaterial/T_GridChecker_A.uasset" 329
"../../../Engine/Content/OpenWorldTemplate/LandscapeMaterial/T_GridChecker_A.uexp" 330
"../../../Engine/Content/Functions/Engine_MaterialFunctions01/Gradient/LinearGradient.uasset" 331
"../../../Engine/Content/Functions/Engine_MaterialFunctions01/Gradient/LinearGradient.uexp" 332
"../../../Engine/Content/Functions/Engine_MaterialFunctions01/ImageAdjustment/CheapContrast.uasset" 333
"../../../Engine/Content/Functions/Engine_MaterialFunctions01/ImageAdjustment/CheapContrast.uexp" 334
"../../../Engine/Content/OpenWorldTemplate/LandscapeMaterial/MF_ProcGrid.uasset" 335
"../../../Engine/Content/OpenWorldTemplate/LandscapeMaterial/MF_ProcGrid.uexp" 336
"../../../Engine/Content/OpenWorldTemplate/LandscapeMaterial/M_ProcGrid.uasset" 337
"../../../Engine/Content/OpenWorldTemplate/LandscapeMaterial/M_ProcGrid.uexp" 338
"../../../Engine/Content/Tutorial/ContentIntroCurve.uasset" 339
"../../../Engine/Content/Tutorial/ContentIntroCurve.uexp" 340
"../../../Engine/Content/VREditor/TransformGizmo/Main.uasset" 341
"../../../Engine/Content/VREditor/TransformGizmo/Main.uexp" 342
"../../../Engine/Content/VREditor/TransformGizmo/Xray.uasset" 343
"../../../Engine/Content/VREditor/TransformGizmo/Xray.uexp" 344
"../../../Engine/Content/VREditor/TransformGizmo/SM_Sequencer_Node.ubulk" 345
"../../../Engine/Content/VREditor/TransformGizmo/SM_Sequencer_Node.uasset" 346
"../../../Engine/Content/VREditor/TransformGizmo/SM_Sequencer_Node.uexp" 347
"../../../Engine/Content/VREditor/LaserPointer/VR_LaserPower_01.ubulk" 348
"../../../Engine/Content/VREditor/LaserPointer/VR_LaserPower_01.uasset" 349
"../../../Engine/Content/VREditor/LaserPointer/VR_LaserPower_01.uexp" 350
"../../../Engine/Content/VREditor/TransformGizmo/TransformGizmoMaterial.uasset" 351
"../../../Engine/Content/VREditor/TransformGizmo/TransformGizmoMaterial.uexp" 352
"../../../Engine/Content/VREditor/TransformGizmo/TranslucentTransformGizmoMaterial.uasset" 353
"../../../Engine/Content/VREditor/TransformGizmo/TranslucentTransformGizmoMaterial.uexp" 354
"../../../Engine/Content/VREditor/TransformGizmo/PlaneTranslationHandle.ubulk" 355
"../../../Engine/Content/VREditor/TransformGizmo/PlaneTranslationHandle.uasset" 356
"../../../Engine/Content/VREditor/TransformGizmo/PlaneTranslationHandle.uexp" 357
"../../../Engine/Content/VREditor/TransformGizmo/BoundingBoxEdge.ubulk" 358
"../../../Engine/Content/VREditor/TransformGizmo/BoundingBoxEdge.uasset" 359
"../../../Engine/Content/VREditor/TransformGizmo/BoundingBoxEdge.uexp" 360
"../../../Engine/Content/VREditor/TransformGizmo/BoundingBoxCorner.ubulk" 361
"../../../Engine/Content/VREditor/TransformGizmo/BoundingBoxCorner.uasset" 362
"../../../Engine/Content/VREditor/TransformGizmo/BoundingBoxCorner.uexp" 363
"../../../Engine/Plugins/2D/Paper2D/Content/PlaceholderTextures/DummySpriteTexture.ubulk" 364
"../../../Engine/Plugins/2D/Paper2D/Content/PlaceholderTextures/DummySpriteTexture.uasset" 365
"../../../Engine/Plugins/2D/Paper2D/Content/PlaceholderTextures/DummySpriteTexture.uexp" 366
"../../../Engine/Plugins/2D/Paper2D/Content/DefaultSpriteMaterial.uasset" 367
"../../../Engine/Plugins/2D/Paper2D/Content/DefaultSpriteMaterial.uexp" 368
"../../../Engine/Plugins/2D/Paper2D/Content/OpaqueUnlitSpriteMaterial.uasset" 369
"../../../Engine/Plugins/2D/Paper2D/Content/OpaqueUnlitSpriteMaterial.uexp" 370
"../../../Engine/Plugins/2D/Paper2D/Content/MaskedUnlitSpriteMaterial.uasset" 371
"../../../Engine/Plugins/2D/Paper2D/Content/MaskedUnlitSpriteMaterial.uexp" 372
"../../../Engine/Plugins/2D/Paper2D/Content/DummySprite.uasset" 373
"../../../Engine/Plugins/2D/Paper2D/Content/DummySprite.uexp" 374
"../../../Engine/Plugins/2D/Paper2D/Content/DefaultPaperTerrainMaterial.uasset" 375
"../../../Engine/Plugins/2D/Paper2D/Content/DefaultPaperTerrainMaterial.uexp" 376
"../../../Engine/Plugins/Animation/ControlRig/Content/M_Manip.uasset" 377
"../../../Engine/Plugins/Animation/ControlRig/Content/M_Manip.uexp" 378
"../../../Engine/Plugins/Animation/ControlRig/Content/Controls/ControlRig_Wedge_solid.ubulk" 379
"../../../Engine/Plugins/Animation/ControlRig/Content/Controls/ControlRig_Wedge_solid.uasset" 380
"../../../Engine/Plugins/Animation/ControlRig/Content/Controls/ControlRig_Wedge_solid.uexp" 381
"../../../Engine/Plugins/Animation/ControlRig/Content/Controls/ControlRig_Wedge_3mm.ubulk" 382
"../../../Engine/Plugins/Animation/ControlRig/Content/Controls/ControlRig_Wedge_3mm.uasset" 383
"../../../Engine/Plugins/Animation/ControlRig/Content/Controls/ControlRig_Wedge_3mm.uexp" 384
"../../../Engine/Plugins/Animation/ControlRig/Content/Controls/ControlRig_Wedge_1mm.ubulk" 385
"../../../Engine/Plugins/Animation/ControlRig/Content/Controls/ControlRig_Wedge_1mm.uasset" 386
"../../../Engine/Plugins/Animation/ControlRig/Content/Controls/ControlRig_Wedge_1mm.uexp" 387
"../../../Engine/Plugins/Animation/ControlRig/Content/Controls/ControlRig_Triangle_solid.ubulk" 388
"../../../Engine/Plugins/Animation/ControlRig/Content/Controls/ControlRig_Triangle_solid.uasset" 389
"../../../Engine/Plugins/Animation/ControlRig/Content/Controls/ControlRig_Triangle_solid.uexp" 390
"../../../Engine/Plugins/Animation/ControlRig/Content/Controls/ControlRig_Triangle_3mm.ubulk" 391
"../../../Engine/Plugins/Animation/ControlRig/Content/Controls/ControlRig_Triangle_3mm.uasset" 392
"../../../Engine/Plugins/Animation/ControlRig/Content/Controls/ControlRig_Triangle_3mm.uexp" 393
"../../../Engine/Plugins/Animation/ControlRig/Content/Controls/ControlRig_Triangle_1mm.ubulk" 394
"../../../Engine/Plugins/Animation/ControlRig/Content/Controls/ControlRig_Triangle_1mm.uasset" 395
"../../../Engine/Plugins/Animation/ControlRig/Content/Controls/ControlRig_Triangle_1mm.uexp" 396
"../../../Engine/Plugins/Animation/ControlRig/Content/Controls/ControlRig_Star4_solid.ubulk" 397
"../../../Engine/Plugins/Animation/ControlRig/Content/Controls/ControlRig_Star4_solid.uasset" 398
"../../../Engine/Plugins/Animation/ControlRig/Content/Controls/ControlRig_Star4_solid.uexp" 399
"../../../Engine/Plugins/Animation/ControlRig/Content/Controls/ControlRig_Star4_3mm.ubulk" 400
"../../../Engine/Plugins/Animation/ControlRig/Content/Controls/ControlRig_Star4_3mm.uasset" 401
"../../../Engine/Plugins/Animation/ControlRig/Content/Controls/ControlRig_Star4_3mm.uexp" 402
"../../../Engine/Plugins/Animation/ControlRig/Content/Controls/ControlRig_Star4_1mm.ubulk" 403
"../../../Engine/Plugins/Animation/ControlRig/Content/Controls/ControlRig_Star4_1mm.uasset" 404
"../../../Engine/Plugins/Animation/ControlRig/Content/Controls/ControlRig_Star4_1mm.uexp" 405
"../../../Engine/Plugins/Animation/ControlRig/Content/Controls/ControlRig_Square_solid.ubulk" 406
"../../../Engine/Plugins/Animation/ControlRig/Content/Controls/ControlRig_Square_solid.uasset" 407
"../../../Engine/Plugins/Animation/ControlRig/Content/Controls/ControlRig_Square_solid.uexp" 408
"../../../Engine/Plugins/Animation/ControlRig/Content/Controls/ControlRig_Square_3mm.ubulk" 409
"../../../Engine/Plugins/Animation/ControlRig/Content/Controls/ControlRig_Square_3mm.uasset" 410
"../../../Engine/Plugins/Animation/ControlRig/Content/Controls/ControlRig_Square_3mm.uexp" 411
"../../../Engine/Plugins/Animation/ControlRig/Content/Controls/ControlRig_Square_1mm.ubulk" 412
"../../../Engine/Plugins/Animation/ControlRig/Content/Controls/ControlRig_Square_1mm.uasset" 413
"../../../Engine/Plugins/Animation/ControlRig/Content/Controls/ControlRig_Square_1mm.uexp" 414
"../../../Engine/Plugins/Animation/ControlRig/Content/Controls/ControlRig_Sphere_solid.ubulk" 415
"../../../Engine/Plugins/Animation/ControlRig/Content/Controls/ControlRig_Sphere_solid.uasset" 416
"../../../Engine/Plugins/Animation/ControlRig/Content/Controls/ControlRig_Sphere_solid.uexp" 417
"../../../Engine/Plugins/Animation/ControlRig/Content/Controls/ControlRig_Sphere_3mm.ubulk" 418
"../../../Engine/Plugins/Animation/ControlRig/Content/Controls/ControlRig_Sphere_3mm.uasset" 419
"../../../Engine/Plugins/Animation/ControlRig/Content/Controls/ControlRig_Sphere_3mm.uexp" 420
"../../../Engine/Plugins/Animation/ControlRig/Content/Controls/ControlRig_Sphere_1mm.ubulk" 421
"../../../Engine/Plugins/Animation/ControlRig/Content/Controls/ControlRig_Sphere_1mm.uasset" 422
"../../../Engine/Plugins/Animation/ControlRig/Content/Controls/ControlRig_Sphere_1mm.uexp" 423
"../../../Engine/Plugins/Animation/ControlRig/Content/Controls/ControlRig_RoundedTriangle_solid.ubulk" 424
"../../../Engine/Plugins/Animation/ControlRig/Content/Controls/ControlRig_RoundedTriangle_solid.uasset" 425
"../../../Engine/Plugins/Animation/ControlRig/Content/Controls/ControlRig_RoundedTriangle_solid.uexp" 426
"../../../Engine/Plugins/Animation/ControlRig/Content/Controls/ControlRig_RoundedTriangle_3mm.ubulk" 427
"../../../Engine/Plugins/Animation/ControlRig/Content/Controls/ControlRig_RoundedTriangle_3mm.uasset" 428
"../../../Engine/Plugins/Animation/ControlRig/Content/Controls/ControlRig_RoundedTriangle_3mm.uexp" 429
"../../../Engine/Plugins/Animation/ControlRig/Content/Controls/ControlRig_RoundedTriangle_1mm.ubulk" 430
"../../../Engine/Plugins/Animation/ControlRig/Content/Controls/ControlRig_RoundedTriangle_1mm.uasset" 431
"../../../Engine/Plugins/Animation/ControlRig/Content/Controls/ControlRig_RoundedTriangle_1mm.uexp" 432
"../../../Engine/Plugins/Animation/ControlRig/Content/Controls/ControlRig_RoundedSquare_solid.ubulk" 433
"../../../Engine/Plugins/Animation/ControlRig/Content/Controls/ControlRig_RoundedSquare_solid.uasset" 434
"../../../Engine/Plugins/Animation/ControlRig/Content/Controls/ControlRig_RoundedSquare_solid.uexp" 435
"../../../Engine/Plugins/Animation/ControlRig/Content/Controls/ControlRig_RoundedSquare_3mm.ubulk" 436
"../../../Engine/Plugins/Animation/ControlRig/Content/Controls/ControlRig_RoundedSquare_3mm.uasset" 437
"../../../Engine/Plugins/Animation/ControlRig/Content/Controls/ControlRig_RoundedSquare_3mm.uexp" 438
"../../../Engine/Plugins/Animation/ControlRig/Content/Controls/ControlRig_RoundedSquare_1mm.ubulk" 439
"../../../Engine/Plugins/Animation/ControlRig/Content/Controls/ControlRig_RoundedSquare_1mm.uasset" 440
"../../../Engine/Plugins/Animation/ControlRig/Content/Controls/ControlRig_RoundedSquare_1mm.uexp" 441
"../../../Engine/Plugins/Animation/ControlRig/Content/Controls/ControlRig_QuarterCircle_solid.ubulk" 442
"../../../Engine/Plugins/Animation/ControlRig/Content/Controls/ControlRig_QuarterCircle_solid.uasset" 443
"../../../Engine/Plugins/Animation/ControlRig/Content/Controls/ControlRig_QuarterCircle_solid.uexp" 444
"../../../Engine/Plugins/Animation/ControlRig/Content/Controls/ControlRig_QuarterCircle_3mm.ubulk" 445
"../../../Engine/Plugins/Animation/ControlRig/Content/Controls/ControlRig_QuarterCircle_3mm.uasset" 446
"../../../Engine/Plugins/Animation/ControlRig/Content/Controls/ControlRig_QuarterCircle_3mm.uexp" 447
"../../../Engine/Plugins/Animation/ControlRig/Content/Controls/ControlRig_QuarterCircle_1mm.ubulk" 448
"../../../Engine/Plugins/Animation/ControlRig/Content/Controls/ControlRig_QuarterCircle_1mm.uasset" 449
"../../../Engine/Plugins/Animation/ControlRig/Content/Controls/ControlRig_QuarterCircle_1mm.uexp" 450
"../../../Engine/Plugins/Animation/ControlRig/Content/Controls/ControlRig_Pyramid_solid.ubulk" 451
"../../../Engine/Plugins/Animation/ControlRig/Content/Controls/ControlRig_Pyramid_solid.uasset" 452
"../../../Engine/Plugins/Animation/ControlRig/Content/Controls/ControlRig_Pyramid_solid.uexp" 453
"../../../Engine/Plugins/Animation/ControlRig/Content/Controls/ControlRig_Pyramid_3mm.ubulk" 454
"../../../Engine/Plugins/Animation/ControlRig/Content/Controls/ControlRig_Pyramid_3mm.uasset" 455
"../../../Engine/Plugins/Animation/ControlRig/Content/Controls/ControlRig_Pyramid_3mm.uexp" 456
"../../../Engine/Plugins/Animation/ControlRig/Content/Controls/ControlRig_Pyramid_1mm.ubulk" 457
"../../../Engine/Plugins/Animation/ControlRig/Content/Controls/ControlRig_Pyramid_1mm.uasset" 458
"../../../Engine/Plugins/Animation/ControlRig/Content/Controls/ControlRig_Pyramid_1mm.uexp" 459
"../../../Engine/Plugins/Animation/ControlRig/Content/Controls/ControlRig_Octagon_solid.ubulk" 460
"../../../Engine/Plugins/Animation/ControlRig/Content/Controls/ControlRig_Octagon_solid.uasset" 461
"../../../Engine/Plugins/Animation/ControlRig/Content/Controls/ControlRig_Octagon_solid.uexp" 462
"../../../Engine/Plugins/Animation/ControlRig/Content/Controls/ControlRig_Octagon_3mm.ubulk" 463
"../../../Engine/Plugins/Animation/ControlRig/Content/Controls/ControlRig_Octagon_3mm.uasset" 464
"../../../Engine/Plugins/Animation/ControlRig/Content/Controls/ControlRig_Octagon_3mm.uexp" 465
"../../../Engine/Plugins/Animation/ControlRig/Content/Controls/ControlRig_Octagon_1mm.ubulk" 466
"../../../Engine/Plugins/Animation/ControlRig/Content/Controls/ControlRig_Octagon_1mm.uasset" 467
"../../../Engine/Plugins/Animation/ControlRig/Content/Controls/ControlRig_Octagon_1mm.uexp" 468
"../../../Engine/Plugins/Animation/ControlRig/Content/Controls/ControlRig_Hexagon_solid.ubulk" 469
"../../../Engine/Plugins/Animation/ControlRig/Content/Controls/ControlRig_Hexagon_solid.uasset" 470
"../../../Engine/Plugins/Animation/ControlRig/Content/Controls/ControlRig_Hexagon_solid.uexp" 471
"../../../Engine/Plugins/Animation/ControlRig/Content/Controls/ControlRig_Hexagon_3mm.ubulk" 472
"../../../Engine/Plugins/Animation/ControlRig/Content/Controls/ControlRig_Hexagon_3mm.uasset" 473
"../../../Engine/Plugins/Animation/ControlRig/Content/Controls/ControlRig_Hexagon_3mm.uexp" 474
"../../../Engine/Plugins/Animation/ControlRig/Content/Controls/ControlRig_Hexagon_1mm.ubulk" 475
"../../../Engine/Plugins/Animation/ControlRig/Content/Controls/ControlRig_Hexagon_1mm.uasset" 476
"../../../Engine/Plugins/Animation/ControlRig/Content/Controls/ControlRig_Hexagon_1mm.uexp" 477
"../../../Engine/Plugins/Animation/ControlRig/Content/Controls/ControlRig_HalfCircle_solid.ubulk" 478
"../../../Engine/Plugins/Animation/ControlRig/Content/Controls/ControlRig_HalfCircle_solid.uasset" 479
"../../../Engine/Plugins/Animation/ControlRig/Content/Controls/ControlRig_HalfCircle_solid.uexp" 480
"../../../Engine/Plugins/Animation/ControlRig/Content/Controls/ControlRig_HalfCircle_3mm.ubulk" 481
"../../../Engine/Plugins/Animation/ControlRig/Content/Controls/ControlRig_HalfCircle_3mm.uasset" 482
"../../../Engine/Plugins/Animation/ControlRig/Content/Controls/ControlRig_HalfCircle_3mm.uexp" 483
"../../../Engine/Plugins/Animation/ControlRig/Content/Controls/ControlRig_HalfCircle_1mm.ubulk" 484
"../../../Engine/Plugins/Animation/ControlRig/Content/Controls/ControlRig_HalfCircle_1mm.uasset" 485
"../../../Engine/Plugins/Animation/ControlRig/Content/Controls/ControlRig_HalfCircle_1mm.uexp" 486
"../../../Engine/Plugins/Animation/ControlRig/Content/Controls/ControlRig_Diamond_solid.ubulk" 487
"../../../Engine/Plugins/Animation/ControlRig/Content/Controls/ControlRig_Diamond_solid.uasset" 488
"../../../Engine/Plugins/Animation/ControlRig/Content/Controls/ControlRig_Diamond_solid.uexp" 489
"../../../Engine/Plugins/Animation/ControlRig/Content/Controls/ControlRig_Diamond_3mm.ubulk" 490
"../../../Engine/Plugins/Animation/ControlRig/Content/Controls/ControlRig_Diamond_3mm.uasset" 491
"../../../Engine/Plugins/Animation/ControlRig/Content/Controls/ControlRig_Diamond_3mm.uexp" 492
"../../../Engine/Plugins/Animation/ControlRig/Content/Controls/ControlRig_Diamond_1mm.ubulk" 493
"../../../Engine/Plugins/Animation/ControlRig/Content/Controls/ControlRig_Diamond_1mm.uasset" 494
"../../../Engine/Plugins/Animation/ControlRig/Content/Controls/ControlRig_Diamond_1mm.uexp" 495
"../../../Engine/Plugins/Animation/ControlRig/Content/Controls/ControlRig_Circle_solid.ubulk" 496
"../../../Engine/Plugins/Animation/ControlRig/Content/Controls/ControlRig_Circle_solid.uasset" 497
"../../../Engine/Plugins/Animation/ControlRig/Content/Controls/ControlRig_Circle_solid.uexp" 498
"../../../Engine/Plugins/Animation/ControlRig/Content/Controls/ControlRig_Circle_3mm.ubulk" 499
"../../../Engine/Plugins/Animation/ControlRig/Content/Controls/ControlRig_Circle_3mm.uasset" 500
"../../../Engine/Plugins/Animation/ControlRig/Content/Controls/ControlRig_Circle_3mm.uexp" 501
"../../../Engine/Plugins/Animation/ControlRig/Content/Controls/ControlRig_Circle_1mm.ubulk" 502
"../../../Engine/Plugins/Animation/ControlRig/Content/Controls/ControlRig_Circle_1mm.uasset" 503
"../../../Engine/Plugins/Animation/ControlRig/Content/Controls/ControlRig_Circle_1mm.uexp" 504
"../../../Engine/Plugins/Animation/ControlRig/Content/Controls/ControlRig_Box_solid.ubulk" 505
"../../../Engine/Plugins/Animation/ControlRig/Content/Controls/ControlRig_Box_solid.uasset" 506
"../../../Engine/Plugins/Animation/ControlRig/Content/Controls/ControlRig_Box_solid.uexp" 507
"../../../Engine/Plugins/Animation/ControlRig/Content/Controls/ControlRig_Box_3mm.ubulk" 508
"../../../Engine/Plugins/Animation/ControlRig/Content/Controls/ControlRig_Box_3mm.uasset" 509
"../../../Engine/Plugins/Animation/ControlRig/Content/Controls/ControlRig_Box_3mm.uexp" 510
"../../../Engine/Plugins/Animation/ControlRig/Content/Controls/ControlRig_Box_1mm.ubulk" 511
"../../../Engine/Plugins/Animation/ControlRig/Content/Controls/ControlRig_Box_1mm.uasset" 512
"../../../Engine/Plugins/Animation/ControlRig/Content/Controls/ControlRig_Box_1mm.uexp" 513
"../../../Engine/Plugins/Animation/ControlRig/Content/Controls/ControlRig_Arrow_solid.ubulk" 514
"../../../Engine/Plugins/Animation/ControlRig/Content/Controls/ControlRig_Arrow_solid.uasset" 515
"../../../Engine/Plugins/Animation/ControlRig/Content/Controls/ControlRig_Arrow_solid.uexp" 516
"../../../Engine/Plugins/Animation/ControlRig/Content/Controls/ControlRig_Arrow_3mm.ubulk" 517
"../../../Engine/Plugins/Animation/ControlRig/Content/Controls/ControlRig_Arrow_3mm.uasset" 518
"../../../Engine/Plugins/Animation/ControlRig/Content/Controls/ControlRig_Arrow_3mm.uexp" 519
"../../../Engine/Plugins/Animation/ControlRig/Content/Controls/ControlRig_Arrow_1mm.ubulk" 520
"../../../Engine/Plugins/Animation/ControlRig/Content/Controls/ControlRig_Arrow_1mm.uasset" 521
"../../../Engine/Plugins/Animation/ControlRig/Content/Controls/ControlRig_Arrow_1mm.uexp" 522
"../../../Engine/Plugins/Animation/ControlRig/Content/Controls/ControlRig_Arrow4_solid.ubulk" 523
"../../../Engine/Plugins/Animation/ControlRig/Content/Controls/ControlRig_Arrow4_solid.uasset" 524
"../../../Engine/Plugins/Animation/ControlRig/Content/Controls/ControlRig_Arrow4_solid.uexp" 525
"../../../Engine/Plugins/Animation/ControlRig/Content/Controls/ControlRig_Arrow4_3mm.ubulk" 526
"../../../Engine/Plugins/Animation/ControlRig/Content/Controls/ControlRig_Arrow4_3mm.uasset" 527
"../../../Engine/Plugins/Animation/ControlRig/Content/Controls/ControlRig_Arrow4_3mm.uexp" 528
"../../../Engine/Plugins/Animation/ControlRig/Content/Controls/ControlRig_Arrow4_1mm.ubulk" 529
"../../../Engine/Plugins/Animation/ControlRig/Content/Controls/ControlRig_Arrow4_1mm.uasset" 530
"../../../Engine/Plugins/Animation/ControlRig/Content/Controls/ControlRig_Arrow4_1mm.uexp" 531
"../../../Engine/Plugins/Animation/ControlRig/Content/Controls/ControlRig_Arrow2_solid.ubulk" 532
"../../../Engine/Plugins/Animation/ControlRig/Content/Controls/ControlRig_Arrow2_solid.uasset" 533
"../../../Engine/Plugins/Animation/ControlRig/Content/Controls/ControlRig_Arrow2_solid.uexp" 534
"../../../Engine/Plugins/Animation/ControlRig/Content/Controls/ControlRig_Arrow2_3mm.ubulk" 535
"../../../Engine/Plugins/Animation/ControlRig/Content/Controls/ControlRig_Arrow2_3mm.uasset" 536
"../../../Engine/Plugins/Animation/ControlRig/Content/Controls/ControlRig_Arrow2_3mm.uexp" 537
"../../../Engine/Plugins/Animation/ControlRig/Content/Controls/ControlRig_Arrow2_1mm.ubulk" 538
"../../../Engine/Plugins/Animation/ControlRig/Content/Controls/ControlRig_Arrow2_1mm.uasset" 539
"../../../Engine/Plugins/Animation/ControlRig/Content/Controls/ControlRig_Arrow2_1mm.uexp" 540
"../../../Engine/Plugins/Animation/ControlRig/Content/Controls/ControlRigGizmoMaterial.uasset" 541
"../../../Engine/Plugins/Animation/ControlRig/Content/Controls/ControlRigGizmoMaterial.uexp" 542
"../../../Engine/Plugins/Editor/SpeedTreeImporter/Content/SpeedTree9/game_wind_noise.ubulk" 543
"../../../Engine/Plugins/Editor/SpeedTreeImporter/Content/SpeedTree9/game_wind_noise.uasset" 544
"../../../Engine/Plugins/Editor/SpeedTreeImporter/Content/SpeedTree9/game_wind_noise.uexp" 545
"../../../Engine/Plugins/Editor/SpeedTreeImporter/Content/SpeedTree9/UnpackDirection.uasset" 546
"../../../Engine/Plugins/Editor/SpeedTreeImporter/Content/SpeedTree9/UnpackDirection.uexp" 547
"../../../Engine/Content/Functions/Engine_MaterialFunctions02/ObjectLocalBounds.uasset" 548
"../../../Engine/Content/Functions/Engine_MaterialFunctions02/ObjectLocalBounds.uexp" 549
"../../../Engine/Content/Functions/Engine_MaterialFunctions02/UVs/BoundingBoxBased_0-1_UVW.uasset" 550
"../../../Engine/Content/Functions/Engine_MaterialFunctions02/UVs/BoundingBoxBased_0-1_UVW.uexp" 551
"../../../Engine/Content/Functions/Engine_MaterialFunctions02/Utility/VectorLength.uasset" 552
"../../../Engine/Content/Functions/Engine_MaterialFunctions02/Utility/VectorLength.uexp" 553
"../../../Engine/Plugins/Editor/SpeedTreeImporter/Content/SpeedTree9/UnpackInteger3.uasset" 554
"../../../Engine/Plugins/Editor/SpeedTreeImporter/Content/SpeedTree9/UnpackInteger3.uexp" 555
"../../../Engine/Plugins/Editor/SpeedTreeImporter/Content/SpeedTree9/SpeedTreeCameraFacing.uasset" 556
"../../../Engine/Plugins/Editor/SpeedTreeImporter/Content/SpeedTree9/SpeedTreeCameraFacing.uexp" 557
"../../../Engine/Content/Functions/Engine_MaterialFunctions02/WorldPositionOffset/ObjectScale.uasset" 558
"../../../Engine/Content/Functions/Engine_MaterialFunctions02/WorldPositionOffset/ObjectScale.uexp" 559
"../../../Engine/Content/Functions/Engine_MaterialFunctions02/SafeNormalize.uasset" 560
"../../../Engine/Content/Functions/Engine_MaterialFunctions02/SafeNormalize.uexp" 561
"../../../Engine/Plugins/Editor/SpeedTreeImporter/Content/SpeedTree9/SpeedTreeWindMotion.uasset" 562
"../../../Engine/Plugins/Editor/SpeedTreeImporter/Content/SpeedTree9/SpeedTreeWindMotion.uexp" 563
"../../../Engine/Plugins/Editor/SpeedTreeImporter/Content/SpeedTree9/SpeedTreeBranchMotion.uasset" 564
"../../../Engine/Plugins/Editor/SpeedTreeImporter/Content/SpeedTree9/SpeedTreeBranchMotion.uexp" 565
"../../../Engine/Plugins/Editor/SpeedTreeImporter/Content/SpeedTree9/SpeedTreeWind.uasset" 566
"../../../Engine/Plugins/Editor/SpeedTreeImporter/Content/SpeedTree9/SpeedTreeWind.uexp" 567
"../../../Engine/Plugins/Editor/SpeedTreeImporter/Content/SpeedTree9/EmptyNormal.uasset" 568
"../../../Engine/Plugins/Editor/SpeedTreeImporter/Content/SpeedTree9/EmptyNormal.uexp" 569
"../../../Engine/Plugins/Editor/SpeedTreeImporter/Content/SpeedTree9/Empty.uasset" 570
"../../../Engine/Plugins/Editor/SpeedTreeImporter/Content/SpeedTree9/Empty.uexp" 571
"../../../Engine/Plugins/Editor/SpeedTreeImporter/Content/SpeedTree9/SpeedTreeMaster.uasset" 572
"../../../Engine/Plugins/Editor/SpeedTreeImporter/Content/SpeedTree9/SpeedTreeMaster.uexp" 573
"../../../Engine/Plugins/Editor/SpeedTreeImporter/Content/SpeedTree9/SpeedTreeBillboard.uasset" 574
"../../../Engine/Plugins/Editor/SpeedTreeImporter/Content/SpeedTree9/SpeedTreeBillboard.uexp" 575
"../../../Engine/Plugins/Editor/SpeedTreeImporter/Content/SpeedTree9/SpeedTreeBillboardMaster.uasset" 576
"../../../Engine/Plugins/Editor/SpeedTreeImporter/Content/SpeedTree9/SpeedTreeBillboardMaster.uexp" 577
"../../../Engine/Plugins/Runtime/HairStrands/Content/Materials/HairMeshesDefaultMaterial.uasset" 578
"../../../Engine/Plugins/Runtime/HairStrands/Content/Materials/HairMeshesDefaultMaterial.uexp" 579
"../../../Engine/Plugins/Runtime/HairStrands/Content/Materials/HairDefaultMaterial.uasset" 580
"../../../Engine/Plugins/Runtime/HairStrands/Content/Materials/HairDefaultMaterial.uexp" 581
"../../../Engine/Plugins/Runtime/HairStrands/Content/Materials/HairGroupColors.uasset" 582
"../../../Engine/Plugins/Runtime/HairStrands/Content/Materials/HairGroupColors.uexp" 583
"../../../Engine/Content/EngineMaterials/HairColorMap.uasset" 584
"../../../Engine/Content/EngineMaterials/HairColorMap.uexp" 585
"../../../Engine/Content/EngineMaterials/HairDebugColor.uasset" 586
"../../../Engine/Content/EngineMaterials/HairDebugColor.uexp" 587
"../../../Engine/Plugins/Runtime/HairStrands/Content/Materials/HairDebugMaterial.uasset" 588
"../../../Engine/Plugins/Runtime/HairStrands/Content/Materials/HairDebugMaterial.uexp" 589
"../../../Engine/Plugins/Runtime/HairStrands/Content/Materials/HairCardsDefaultMaterial.uasset" 590
"../../../Engine/Plugins/Runtime/HairStrands/Content/Materials/HairCardsDefaultMaterial.uexp" 591
"D:/GithubFichier/MagnetCars/Content/LevelPrototyping/Textures/T_GridChecker_A.ubulk" 592
"D:/GithubFichier/MagnetCars/Content/LevelPrototyping/Textures/T_GridChecker_A.uasset" 593
"D:/GithubFichier/MagnetCars/Content/LevelPrototyping/Textures/T_GridChecker_A.uexp" 594
"D:/GithubFichier/MagnetCars/Content/LevelPrototyping/Materials/MF_ProcGrid.uasset" 595
"D:/GithubFichier/MagnetCars/Content/LevelPrototyping/Materials/MF_ProcGrid.uexp" 596
"D:/GithubFichier/MagnetCars/Content/LevelPrototyping/Materials/M_PrototypeGrid.uasset" 597
"D:/GithubFichier/MagnetCars/Content/LevelPrototyping/Materials/M_PrototypeGrid.uexp" 598
"D:/GithubFichier/MagnetCars/Content/LevelPrototyping/Materials/MI_PrototypeGrid_TopDark.uasset" 599
"D:/GithubFichier/MagnetCars/Content/LevelPrototyping/Materials/MI_PrototypeGrid_TopDark.uexp" 600
"D:/GithubFichier/MagnetCars/Content/LevelPrototyping/Materials/MI_PrototypeGrid_Gray_02.uasset" 601
"D:/GithubFichier/MagnetCars/Content/LevelPrototyping/Materials/MI_PrototypeGrid_Gray_02.uexp" 602
"D:/GithubFichier/MagnetCars/Content/LevelPrototyping/Materials/MI_PrototypeGrid_Gray.uasset" 603
"D:/GithubFichier/MagnetCars/Content/LevelPrototyping/Materials/MI_PrototypeGrid_Gray.uexp" 604
"D:/GithubFichier/MagnetCars/Content/LevelPrototyping/Meshes/SM_Ramp.ubulk" 605
"D:/GithubFichier/MagnetCars/Content/LevelPrototyping/Meshes/SM_Ramp.uasset" 606
"D:/GithubFichier/MagnetCars/Content/LevelPrototyping/Meshes/SM_Ramp.uexp" 607
"D:/GithubFichier/MagnetCars/Content/LevelPrototyping/Meshes/SM_QuarterCylinder.ubulk" 608
"D:/GithubFichier/MagnetCars/Content/LevelPrototyping/Meshes/SM_QuarterCylinder.uasset" 609
"D:/GithubFichier/MagnetCars/Content/LevelPrototyping/Meshes/SM_QuarterCylinder.uexp" 610
"D:/GithubFichier/MagnetCars/Content/LevelPrototyping/Meshes/SM_Cylinder.ubulk" 611
"D:/GithubFichier/MagnetCars/Content/LevelPrototyping/Meshes/SM_Cylinder.uasset" 612
"D:/GithubFichier/MagnetCars/Content/LevelPrototyping/Meshes/SM_Cylinder.uexp" 613
"D:/GithubFichier/MagnetCars/Content/LevelPrototyping/Meshes/SM_Cube.ubulk" 614
"D:/GithubFichier/MagnetCars/Content/LevelPrototyping/Meshes/SM_Cube.uasset" 615
"D:/GithubFichier/MagnetCars/Content/LevelPrototyping/Meshes/SM_Cube.uexp" 616
"D:/GithubFichier/MagnetCars/Content/LevelPrototyping/Materials/M_Solid.uasset" 617
"D:/GithubFichier/MagnetCars/Content/LevelPrototyping/Materials/M_Solid.uexp" 618
"D:/GithubFichier/MagnetCars/Content/LevelPrototyping/Materials/MI_Solid_Blue.uasset" 619
"D:/GithubFichier/MagnetCars/Content/LevelPrototyping/Materials/MI_Solid_Blue.uexp" 620
"D:/GithubFichier/MagnetCars/Content/LevelPrototyping/Meshes/SM_ChamferCube.ubulk" 621
"D:/GithubFichier/MagnetCars/Content/LevelPrototyping/Meshes/SM_ChamferCube.uasset" 622
"D:/GithubFichier/MagnetCars/Content/LevelPrototyping/Meshes/SM_ChamferCube.uexp" 623
"D:/GithubFichier/MagnetCars/Content/MyContent/MapsManager/MapsAntoine/VehicleOffroadExampleMap_HLOD0_Instancing.uasset" 624
"D:/GithubFichier/MagnetCars/Content/MyContent/MapsManager/MapsAntoine/VehicleOffroadExampleMap_HLOD0_Instancing.uexp" 625
"D:/GithubFichier/MagnetCars/Content/MyContent/MapsManager/MapsCharles/VehicleOffroadExampleMap_HLOD0_Instancing.uasset" 626
"D:/GithubFichier/MagnetCars/Content/MyContent/MapsManager/MapsCharles/VehicleOffroadExampleMap_HLOD0_Instancing.uexp" 627
"D:/GithubFichier/MagnetCars/Content/MyContent/MapsManager/MapsFrancoisGuillaume/VehicleOffroadExampleMap_HLOD0_Instancing.uasset" 628
"D:/GithubFichier/MagnetCars/Content/MyContent/MapsManager/MapsFrancoisGuillaume/VehicleOffroadExampleMap_HLOD0_Instancing.uexp" 629
"D:/GithubFichier/MagnetCars/Content/MyContent/MapsManager/MapsFrancoisGuillaume/Levels/Menu/PC_menu.uasset" 630
"D:/GithubFichier/MagnetCars/Content/MyContent/MapsManager/MapsFrancoisGuillaume/Levels/Menu/PC_menu.uexp" 631
"D:/GithubFichier/MagnetCars/Content/MyContent/MapsManager/MapsFrancoisGuillaume/Levels/Menu/UI_ChercheServer.uasset" 632
"D:/GithubFichier/MagnetCars/Content/MyContent/MapsManager/MapsFrancoisGuillaume/Levels/Menu/UI_ChercheServer.uexp" 633
"D:/GithubFichier/MagnetCars/Content/MyContent/MapsManager/MapsFrancoisGuillaume/Material/Material_WhiteTest.uasset" 634
"D:/GithubFichier/MagnetCars/Content/MyContent/MapsManager/MapsFrancoisGuillaume/Material/Material_WhiteTest.uexp" 635
"D:/GithubFichier/MagnetCars/Content/MyContent/MapsManager/MapsFrancoisGuillaume/Levels/LobbySystem/Structure/Structure_Player.uasset" 636
"D:/GithubFichier/MagnetCars/Content/MyContent/MapsManager/MapsFrancoisGuillaume/Levels/LobbySystem/Structure/Structure_Player.uexp" 637
"D:/GithubFichier/MagnetCars/Content/MyContent/MapsManager/MapsFrancoisGuillaume/Levels/Menu/GI_Player.uasset" 638
"D:/GithubFichier/MagnetCars/Content/MyContent/MapsManager/MapsFrancoisGuillaume/Levels/Menu/GI_Player.uexp" 639
"D:/GithubFichier/MagnetCars/Content/MyContent/MapsManager/MapsFrancoisGuillaume/Levels/Menu/UI_ServerInfo.uasset" 640
"D:/GithubFichier/MagnetCars/Content/MyContent/MapsManager/MapsFrancoisGuillaume/Levels/Menu/UI_ServerInfo.uexp" 641
"D:/GithubFichier/MagnetCars/Content/MyContent/MapsManager/MapsFrancoisGuillaume/Levels/Menu/UI_NoServer.uasset" 642
"D:/GithubFichier/MagnetCars/Content/MyContent/MapsManager/MapsFrancoisGuillaume/Levels/Menu/UI_NoServer.uexp" 643
"../../../Engine/Content/EditorBlueprintResources/StandardMacros.uasset" 644
"../../../Engine/Content/EditorBlueprintResources/StandardMacros.uexp" 645
"D:/GithubFichier/MagnetCars/Content/MyContent/MapsManager/MapsFrancoisGuillaume/UI/UI_MainMenu.uasset" 646
"D:/GithubFichier/MagnetCars/Content/MyContent/MapsManager/MapsFrancoisGuillaume/UI/UI_MainMenu.uexp" 647
"D:/GithubFichier/MagnetCars/Content/MyContent/MapsManager/MapsFrancoisGuillaume/Bluprint/GM_MainMenu.uasset" 648
"D:/GithubFichier/MagnetCars/Content/MyContent/MapsManager/MapsFrancoisGuillaume/Bluprint/GM_MainMenu.uexp" 649
"D:/GithubFichier/MagnetCars/Content/MyContent/MapsManager/MapsFrancoisGuillaume/Levels/Game/PC_Game.uasset" 650
"D:/GithubFichier/MagnetCars/Content/MyContent/MapsManager/MapsFrancoisGuillaume/Levels/Game/PC_Game.uexp" 651
"D:/GithubFichier/MagnetCars/Content/MyContent/MapsManager/MapsFrancoisGuillaume/Levels/Game/GS_Game.uasset" 652
"D:/GithubFichier/MagnetCars/Content/MyContent/MapsManager/MapsFrancoisGuillaume/Levels/Game/GS_Game.uexp" 653
"../../../Engine/Plugins/Animation/ControlRig/Content/Controls/DefaultGizmoLibraryNormalized.uasset" 654
"../../../Engine/Plugins/Animation/ControlRig/Content/Controls/DefaultGizmoLibraryNormalized.uexp" 655
"D:/GithubFichier/MagnetCars/Content/Vehicles/SportsCar/SportsCar_CtrlRig.uasset" 656
"D:/GithubFichier/MagnetCars/Content/Vehicles/SportsCar/SportsCar_CtrlRig.uexp" 657
"D:/GithubFichier/MagnetCars/Content/Vehicles/SportsCar/SportsCar_Skeleton.uasset" 658
"D:/GithubFichier/MagnetCars/Content/Vehicles/SportsCar/SportsCar_Skeleton.uexp" 659
"D:/GithubFichier/MagnetCars/Content/Vehicles/SportsCar/SportsCar_AnimBP.uasset" 660
"D:/GithubFichier/MagnetCars/Content/Vehicles/SportsCar/SportsCar_AnimBP.uexp" 661
"D:/GithubFichier/MagnetCars/Content/Vehicles/SportsCar/Materials/Textures/T_SportsCar_Tire_M_TGA.ubulk" 662
"D:/GithubFichier/MagnetCars/Content/Vehicles/SportsCar/Materials/Textures/T_SportsCar_Tire_M_TGA.uasset" 663
"D:/GithubFichier/MagnetCars/Content/Vehicles/SportsCar/Materials/Textures/T_SportsCar_Tire_M_TGA.uexp" 664
"D:/GithubFichier/MagnetCars/Content/Vehicles/SportsCar/Materials/Textures/T_SportsCar_Wheel_N.ubulk" 665
"D:/GithubFichier/MagnetCars/Content/Vehicles/SportsCar/Materials/Textures/T_SportsCar_Wheel_N.uasset" 666
"D:/GithubFichier/MagnetCars/Content/Vehicles/SportsCar/Materials/Textures/T_SportsCar_Wheel_N.uexp" 667
"D:/GithubFichier/MagnetCars/Content/Vehicles/SportsCar/Materials/Textures/T_SportsCar_Wheel_M.ubulk" 668
"D:/GithubFichier/MagnetCars/Content/Vehicles/SportsCar/Materials/Textures/T_SportsCar_Wheel_M.uasset" 669
"D:/GithubFichier/MagnetCars/Content/Vehicles/SportsCar/Materials/Textures/T_SportsCar_Wheel_M.uexp" 670
"D:/GithubFichier/MagnetCars/Content/Vehicles/SportsCar/Materials/M_SportsCar_Wheel.uasset" 671
"D:/GithubFichier/MagnetCars/Content/Vehicles/SportsCar/Materials/M_SportsCar_Wheel.uexp" 672
"D:/GithubFichier/MagnetCars/Content/Vehicles/SportsCar/Materials/Textures/T_SportsCar_Tire_N.ubulk" 673
"D:/GithubFichier/MagnetCars/Content/Vehicles/SportsCar/Materials/Textures/T_SportsCar_Tire_N.uasset" 674
"D:/GithubFichier/MagnetCars/Content/Vehicles/SportsCar/Materials/Textures/T_SportsCar_Tire_N.uexp" 675
"D:/GithubFichier/MagnetCars/Content/Vehicles/SportsCar/Materials/MI_SportsCar_Tire.uasset" 676
"D:/GithubFichier/MagnetCars/Content/Vehicles/SportsCar/Materials/MI_SportsCar_Tire.uexp" 677
"D:/GithubFichier/MagnetCars/Content/Vehicles/SportsCar/Materials/M_SportsCar_Lights.uasset" 678
"D:/GithubFichier/MagnetCars/Content/Vehicles/SportsCar/Materials/M_SportsCar_Lights.uexp" 679
"D:/GithubFichier/MagnetCars/Content/Vehicles/SportsCar/SportsCar_PhysicsAsset.uasset" 680
"D:/GithubFichier/MagnetCars/Content/Vehicles/SportsCar/SportsCar_PhysicsAsset.uexp" 681
"D:/GithubFichier/MagnetCars/Content/Vehicles/SportsCar/Materials/Textures/T_SportsCar_Body_BotN.ubulk" 682
"D:/GithubFichier/MagnetCars/Content/Vehicles/SportsCar/Materials/Textures/T_SportsCar_Body_BotN.uasset" 683
"D:/GithubFichier/MagnetCars/Content/Vehicles/SportsCar/Materials/Textures/T_SportsCar_Body_BotN.uexp" 684
"D:/GithubFichier/MagnetCars/Content/Vehicles/SportsCar/Materials/Textures/T_SportsCar_Body_N.ubulk" 685
"D:/GithubFichier/MagnetCars/Content/Vehicles/SportsCar/Materials/Textures/T_SportsCar_Body_N.uasset" 686
"D:/GithubFichier/MagnetCars/Content/Vehicles/SportsCar/Materials/Textures/T_SportsCar_Body_N.uexp" 687
"D:/GithubFichier/MagnetCars/Content/Vehicles/SportsCar/Materials/Textures/T_SportsCar_Body_Tan.ubulk" 688
"D:/GithubFichier/MagnetCars/Content/Vehicles/SportsCar/Materials/Textures/T_SportsCar_Body_Tan.uasset" 689
"D:/GithubFichier/MagnetCars/Content/Vehicles/SportsCar/Materials/Textures/T_SportsCar_Body_Tan.uexp" 690
"D:/GithubFichier/MagnetCars/Content/Vehicles/SportsCar/Materials/Textures/T_SportsCar_Body_CCRCCPlastic_M.ubulk" 691
"D:/GithubFichier/MagnetCars/Content/Vehicles/SportsCar/Materials/Textures/T_SportsCar_Body_CCRCCPlastic_M.uasset" 692
"D:/GithubFichier/MagnetCars/Content/Vehicles/SportsCar/Materials/Textures/T_SportsCar_Body_CCRCCPlastic_M.uexp" 693
"D:/GithubFichier/MagnetCars/Content/Vehicles/SportsCar/Materials/Textures/T_SportsCar_Body_MSR_M.ubulk" 694
"D:/GithubFichier/MagnetCars/Content/Vehicles/SportsCar/Materials/Textures/T_SportsCar_Body_MSR_M.uasset" 695
"D:/GithubFichier/MagnetCars/Content/Vehicles/SportsCar/Materials/Textures/T_SportsCar_Body_MSR_M.uexp" 696
"D:/GithubFichier/MagnetCars/Content/Vehicles/SportsCar/Materials/Textures/T_SportsCar_Body_BC.ubulk" 697
"D:/GithubFichier/MagnetCars/Content/Vehicles/SportsCar/Materials/Textures/T_SportsCar_Body_BC.uasset" 698
"D:/GithubFichier/MagnetCars/Content/Vehicles/SportsCar/Materials/Textures/T_SportsCar_Body_BC.uexp" 699
"D:/GithubFichier/MagnetCars/Content/Vehicles/SportsCar/Materials/Functions/ML_BaseColorFallOff.uasset" 700
"D:/GithubFichier/MagnetCars/Content/Vehicles/SportsCar/Materials/Functions/ML_BaseColorFallOff.uexp" 701
"D:/GithubFichier/MagnetCars/Content/Vehicles/SportsCar/Materials/Textures/T_SportsCar_Lights_M.ubulk" 702
"D:/GithubFichier/MagnetCars/Content/Vehicles/SportsCar/Materials/Textures/T_SportsCar_Lights_M.uasset" 703
"D:/GithubFichier/MagnetCars/Content/Vehicles/SportsCar/Materials/Textures/T_SportsCar_Lights_M.uexp" 704
"D:/GithubFichier/MagnetCars/Content/Vehicles/SportsCar/Materials/Textures/T_SportsCar_Body_ASAOP_M.ubulk" 705
"D:/GithubFichier/MagnetCars/Content/Vehicles/SportsCar/Materials/Textures/T_SportsCar_Body_ASAOP_M.uasset" 706
"D:/GithubFichier/MagnetCars/Content/Vehicles/SportsCar/Materials/Textures/T_SportsCar_Body_ASAOP_M.uexp" 707
"D:/GithubFichier/MagnetCars/Content/Vehicles/SportsCar/Materials/M_SportsCar.uasset" 708
"D:/GithubFichier/MagnetCars/Content/Vehicles/SportsCar/Materials/M_SportsCar.uexp" 709
"D:/GithubFichier/MagnetCars/Content/Vehicles/SportsCar/Materials/MI_SportsCar_Body.uasset" 710
"D:/GithubFichier/MagnetCars/Content/Vehicles/SportsCar/Materials/MI_SportsCar_Body.uexp" 711
"D:/GithubFichier/MagnetCars/Content/Vehicles/SportsCar/Materials/Textures/T_SportsCar_Chassis_MSR_M.ubulk" 712
"D:/GithubFichier/MagnetCars/Content/Vehicles/SportsCar/Materials/Textures/T_SportsCar_Chassis_MSR_M.uasset" 713
"D:/GithubFichier/MagnetCars/Content/Vehicles/SportsCar/Materials/Textures/T_SportsCar_Chassis_MSR_M.uexp" 714
"D:/GithubFichier/MagnetCars/Content/Vehicles/SportsCar/Materials/Textures/T_SportsCar_Chassis_CCRCCPlastic_M.ubulk" 715
"D:/GithubFichier/MagnetCars/Content/Vehicles/SportsCar/Materials/Textures/T_SportsCar_Chassis_CCRCCPlastic_M.uasset" 716
"D:/GithubFichier/MagnetCars/Content/Vehicles/SportsCar/Materials/Textures/T_SportsCar_Chassis_CCRCCPlastic_M.uexp" 717
"D:/GithubFichier/MagnetCars/Content/Vehicles/SportsCar/Materials/Textures/T_SportsCar_Chassis_ASAOP_M.ubulk" 718
"D:/GithubFichier/MagnetCars/Content/Vehicles/SportsCar/Materials/Textures/T_SportsCar_Chassis_ASAOP_M.uasset" 719
"D:/GithubFichier/MagnetCars/Content/Vehicles/SportsCar/Materials/Textures/T_SportsCar_Chassis_ASAOP_M.uexp" 720
"D:/GithubFichier/MagnetCars/Content/Vehicles/SportsCar/Materials/Textures/T_SportsCar_Chassis_BC.ubulk" 721
"D:/GithubFichier/MagnetCars/Content/Vehicles/SportsCar/Materials/Textures/T_SportsCar_Chassis_BC.uasset" 722
"D:/GithubFichier/MagnetCars/Content/Vehicles/SportsCar/Materials/Textures/T_SportsCar_Chassis_BC.uexp" 723
"D:/GithubFichier/MagnetCars/Content/Vehicles/SportsCar/Materials/Textures/T_SportsCar_Chassis_BotN.ubulk" 724
"D:/GithubFichier/MagnetCars/Content/Vehicles/SportsCar/Materials/Textures/T_SportsCar_Chassis_BotN.uasset" 725
"D:/GithubFichier/MagnetCars/Content/Vehicles/SportsCar/Materials/Textures/T_SportsCar_Chassis_BotN.uexp" 726
"D:/GithubFichier/MagnetCars/Content/Vehicles/SportsCar/Materials/MI_SportsCar_Chassis.uasset" 727
"D:/GithubFichier/MagnetCars/Content/Vehicles/SportsCar/Materials/MI_SportsCar_Chassis.uexp" 728
"D:/GithubFichier/MagnetCars/Content/Vehicles/SportsCar/SKM_SportsCar.uasset" 729
"D:/GithubFichier/MagnetCars/Content/Vehicles/SportsCar/SKM_SportsCar.uexp" 730
"D:/GithubFichier/MagnetCars/Content/VehicleTemplate/Blueprints/SportsCar/SportsCar_TorqueCurve.uasset" 731
"D:/GithubFichier/MagnetCars/Content/VehicleTemplate/Blueprints/SportsCar/SportsCar_TorqueCurve.uexp" 732
"D:/GithubFichier/MagnetCars/Content/VehicleTemplate/Blueprints/SportsCar/SportsCar_WheelsFront.uasset" 733
"D:/GithubFichier/MagnetCars/Content/VehicleTemplate/Blueprints/SportsCar/SportsCar_WheelsFront.uexp" 734
"D:/GithubFichier/MagnetCars/Content/VehicleTemplate/Blueprints/SportsCar/SportsCar_WheelsRear.uasset" 735
"D:/GithubFichier/MagnetCars/Content/VehicleTemplate/Blueprints/SportsCar/SportsCar_WheelsRear.uexp" 736
"D:/GithubFichier/MagnetCars/Content/VehicleTemplate/Blueprints/SportsCar/SportsCar_Pawn.uasset" 737
"D:/GithubFichier/MagnetCars/Content/VehicleTemplate/Blueprints/SportsCar/SportsCar_Pawn.uexp" 738
"D:/GithubFichier/MagnetCars/Content/MyContent/MapsManager/MapsFrancoisGuillaume/Levels/Game/GM_Game.uasset" 739
"D:/GithubFichier/MagnetCars/Content/MyContent/MapsManager/MapsFrancoisGuillaume/Levels/Game/GM_Game.uexp" 740
"D:/GithubFichier/MagnetCars/Content/MyContent/MapsManager/MapsHugo/VehicleOffroadExampleMap_HLOD0_Instancing.uasset" 741
"D:/GithubFichier/MagnetCars/Content/MyContent/MapsManager/MapsHugo/VehicleOffroadExampleMap_HLOD0_Instancing.uexp" 742
"D:/GithubFichier/MagnetCars/Content/MyContent/MapsManager/MapsRaph/VehicleOffroadExampleMap_HLOD0_Instancing.uasset" 743
"D:/GithubFichier/MagnetCars/Content/MyContent/MapsManager/MapsRaph/VehicleOffroadExampleMap_HLOD0_Instancing.uexp" 744
"D:/GithubFichier/MagnetCars/Content/MyContent/MapsManager/MapsSarah/VehicleOffroadExampleMap_HLOD0_Instancing.uasset" 745
"D:/GithubFichier/MagnetCars/Content/MyContent/MapsManager/MapsSarah/VehicleOffroadExampleMap_HLOD0_Instancing.uexp" 746
"D:/GithubFichier/MagnetCars/Content/Vehicles/PhysicsMaterials/NonSlippery.uasset" 747
"D:/GithubFichier/MagnetCars/Content/Vehicles/PhysicsMaterials/NonSlippery.uexp" 748
"D:/GithubFichier/MagnetCars/Content/Track/M_Track.uasset" 749
"D:/GithubFichier/MagnetCars/Content/Track/M_Track.uexp" 750
"D:/GithubFichier/MagnetCars/Content/Track/MI_TrackEdge.uasset" 751
"D:/GithubFichier/MagnetCars/Content/Track/MI_TrackEdge.uexp" 752
"D:/GithubFichier/MagnetCars/Content/Track/SM_Track_10M.ubulk" 753
"D:/GithubFichier/MagnetCars/Content/Track/SM_Track_10M.uasset" 754
"D:/GithubFichier/MagnetCars/Content/Track/SM_Track_10M.uexp" 755
"D:/GithubFichier/MagnetCars/Content/Vehicles/OffroadCar/Materials/Textures/T_OffroadCar_Body_Tan.ubulk" 756
"D:/GithubFichier/MagnetCars/Content/Vehicles/OffroadCar/Materials/Textures/T_OffroadCar_Body_Tan.uasset" 757
"D:/GithubFichier/MagnetCars/Content/Vehicles/OffroadCar/Materials/Textures/T_OffroadCar_Body_Tan.uexp" 758
"D:/GithubFichier/MagnetCars/Content/Vehicles/PhysicsMaterials/Slippery.uasset" 759
"D:/GithubFichier/MagnetCars/Content/Vehicles/PhysicsMaterials/Slippery.uexp" 760
"D:/GithubFichier/MagnetCars/Content/Vehicles/SportsCar/Materials/MI_SportsCar_Wheel.uasset" 761
"D:/GithubFichier/MagnetCars/Content/Vehicles/SportsCar/Materials/MI_SportsCar_Wheel.uexp" 762
"D:/GithubFichier/MagnetCars/Content/Vehicles/SportsCar/Materials/Textures/T_SportsCar_Wheel_BC.ubulk" 763
"D:/GithubFichier/MagnetCars/Content/Vehicles/SportsCar/Materials/Textures/T_SportsCar_Wheel_BC.uasset" 764
"D:/GithubFichier/MagnetCars/Content/Vehicles/SportsCar/Materials/Textures/T_SportsCar_Wheel_BC.uexp" 765
"../../../Engine/Content/Maps/Entry_BuiltData.uasset" 766
"../../../Engine/Content/Maps/Entry_BuiltData.uexp" 767
"../../../Engine/Content/Maps/Entry.uexp" 768
"../../../Engine/Content/Maps/Entry.umap" 769
"D:/GithubFichier/MagnetCars/Content/VehicleTemplate/Blueprints/OffroadCar/OffroadCar_WheelsRear.uasset" 770
"D:/GithubFichier/MagnetCars/Content/VehicleTemplate/Blueprints/OffroadCar/OffroadCar_WheelsRear.uexp" 771
"D:/GithubFichier/MagnetCars/Content/Vehicles/OffroadCar/Materials/Textures/T_OffroadCar_Wheels_N.ubulk" 772
"D:/GithubFichier/MagnetCars/Content/Vehicles/OffroadCar/Materials/Textures/T_OffroadCar_Wheels_N.uasset" 773
"D:/GithubFichier/MagnetCars/Content/Vehicles/OffroadCar/Materials/Textures/T_OffroadCar_Wheels_N.uexp" 774
"D:/GithubFichier/MagnetCars/Content/Vehicles/OffroadCar/Materials/Textures/T_OffroadCar_Wheels_RMA.ubulk" 775
"D:/GithubFichier/MagnetCars/Content/Vehicles/OffroadCar/Materials/Textures/T_OffroadCar_Wheels_RMA.uasset" 776
"D:/GithubFichier/MagnetCars/Content/Vehicles/OffroadCar/Materials/Textures/T_OffroadCar_Wheels_RMA.uexp" 777
"D:/GithubFichier/MagnetCars/Content/Vehicles/OffroadCar/Materials/Textures/T_OffroadCar_Wheels_D.ubulk" 778
"D:/GithubFichier/MagnetCars/Content/Vehicles/OffroadCar/Materials/Textures/T_OffroadCar_Wheels_D.uasset" 779
"D:/GithubFichier/MagnetCars/Content/Vehicles/OffroadCar/Materials/Textures/T_OffroadCar_Wheels_D.uexp" 780
"D:/GithubFichier/MagnetCars/Content/Vehicles/OffroadCar/Materials/M_OffroadCar_Wheel.uasset" 781
"D:/GithubFichier/MagnetCars/Content/Vehicles/OffroadCar/Materials/M_OffroadCar_Wheel.uexp" 782
"D:/GithubFichier/MagnetCars/Content/Vehicles/OffroadCar/SM_Offroad_Tire.ubulk" 783
"D:/GithubFichier/MagnetCars/Content/Vehicles/OffroadCar/SM_Offroad_Tire.uasset" 784
"D:/GithubFichier/MagnetCars/Content/Vehicles/OffroadCar/SM_Offroad_Tire.uexp" 785
"D:/GithubFichier/MagnetCars/Content/VehicleTemplate/Blueprints/OffroadCar/OffroadCar_TorqueCurve.uasset" 786
"D:/GithubFichier/MagnetCars/Content/VehicleTemplate/Blueprints/OffroadCar/OffroadCar_TorqueCurve.uexp" 787
"D:/GithubFichier/MagnetCars/Content/Vehicles/OffroadCar/Materials/Textures/T_OffroadCar_Sus_Tan.ubulk" 788
"D:/GithubFichier/MagnetCars/Content/Vehicles/OffroadCar/Materials/Textures/T_OffroadCar_Sus_Tan.uasset" 789
"D:/GithubFichier/MagnetCars/Content/Vehicles/OffroadCar/Materials/Textures/T_OffroadCar_Sus_Tan.uexp" 790
"D:/GithubFichier/MagnetCars/Content/Vehicles/OffroadCar/Materials/Textures/T_OffroadCar_Sus_MSR.ubulk" 791
"D:/GithubFichier/MagnetCars/Content/Vehicles/OffroadCar/Materials/Textures/T_OffroadCar_Sus_MSR.uasset" 792
"D:/GithubFichier/MagnetCars/Content/Vehicles/OffroadCar/Materials/Textures/T_OffroadCar_Sus_MSR.uexp" 793
"D:/GithubFichier/MagnetCars/Content/Vehicles/OffroadCar/Materials/Textures/T_OffroadCar_Sus_D.ubulk" 794
"D:/GithubFichier/MagnetCars/Content/Vehicles/OffroadCar/Materials/Textures/T_OffroadCar_Sus_D.uasset" 795
"D:/GithubFichier/MagnetCars/Content/Vehicles/OffroadCar/Materials/Textures/T_OffroadCar_Sus_D.uexp" 796
"D:/GithubFichier/MagnetCars/Content/Vehicles/OffroadCar/Materials/Textures/T_OffroadCar_Sus_ASAOPM.ubulk" 797
"D:/GithubFichier/MagnetCars/Content/Vehicles/OffroadCar/Materials/Textures/T_OffroadCar_Sus_ASAOPM.uasset" 798
"D:/GithubFichier/MagnetCars/Content/Vehicles/OffroadCar/Materials/Textures/T_OffroadCar_Sus_ASAOPM.uexp" 799
"D:/GithubFichier/MagnetCars/Content/Vehicles/OffroadCar/Materials/Textures/T_OffroadCar_Sus_N.ubulk" 800
"D:/GithubFichier/MagnetCars/Content/Vehicles/OffroadCar/Materials/Textures/T_OffroadCar_Sus_N.uasset" 801
"D:/GithubFichier/MagnetCars/Content/Vehicles/OffroadCar/Materials/Textures/T_OffroadCar_Sus_N.uexp" 802
"D:/GithubFichier/MagnetCars/Content/Vehicles/OffroadCar/Materials/Textures/T_OffroadCar_Sus_BN.ubulk" 803
"D:/GithubFichier/MagnetCars/Content/Vehicles/OffroadCar/Materials/Textures/T_OffroadCar_Sus_BN.uasset" 804
"D:/GithubFichier/MagnetCars/Content/Vehicles/OffroadCar/Materials/Textures/T_OffroadCar_Sus_BN.uexp" 805
"D:/GithubFichier/MagnetCars/Content/Vehicles/OffroadCar/Materials/Textures/T_OffroadCar_Sus_CCRCCP.ubulk" 806
"D:/GithubFichier/MagnetCars/Content/Vehicles/OffroadCar/Materials/Textures/T_OffroadCar_Sus_CCRCCP.uasset" 807
"D:/GithubFichier/MagnetCars/Content/Vehicles/OffroadCar/Materials/Textures/T_OffroadCar_Sus_CCRCCP.uexp" 808
"D:/GithubFichier/MagnetCars/Content/Vehicles/OffroadCar/Materials/MI_OffroadCar_Suspension.uasset" 809
"D:/GithubFichier/MagnetCars/Content/Vehicles/OffroadCar/Materials/MI_OffroadCar_Suspension.uexp" 810
"D:/GithubFichier/MagnetCars/Content/Vehicles/OffroadCar/Materials/Textures/T_OffroadCar_Seats_CCRCCP.ubulk" 811
"D:/GithubFichier/MagnetCars/Content/Vehicles/OffroadCar/Materials/Textures/T_OffroadCar_Seats_CCRCCP.uasset" 812
"D:/GithubFichier/MagnetCars/Content/Vehicles/OffroadCar/Materials/Textures/T_OffroadCar_Seats_CCRCCP.uexp" 813
"D:/GithubFichier/MagnetCars/Content/Vehicles/OffroadCar/Materials/Textures/T_OffroadCar_Seats_N.ubulk" 814
"D:/GithubFichier/MagnetCars/Content/Vehicles/OffroadCar/Materials/Textures/T_OffroadCar_Seats_N.uasset" 815
"D:/GithubFichier/MagnetCars/Content/Vehicles/OffroadCar/Materials/Textures/T_OffroadCar_Seats_N.uexp" 816
"D:/GithubFichier/MagnetCars/Content/Vehicles/OffroadCar/Materials/Textures/T_OffroadCar_Seats_D.ubulk" 817
"D:/GithubFichier/MagnetCars/Content/Vehicles/OffroadCar/Materials/Textures/T_OffroadCar_Seats_D.uasset" 818
"D:/GithubFichier/MagnetCars/Content/Vehicles/OffroadCar/Materials/Textures/T_OffroadCar_Seats_D.uexp" 819
"D:/GithubFichier/MagnetCars/Content/Vehicles/OffroadCar/Materials/Textures/T_OffroadCar_Seats_ASAOPM.ubulk" 820
"D:/GithubFichier/MagnetCars/Content/Vehicles/OffroadCar/Materials/Textures/T_OffroadCar_Seats_ASAOPM.uasset" 821
"D:/GithubFichier/MagnetCars/Content/Vehicles/OffroadCar/Materials/Textures/T_OffroadCar_Seats_ASAOPM.uexp" 822
"D:/GithubFichier/MagnetCars/Content/Vehicles/OffroadCar/Materials/Textures/T_OffroadCar_Seats_Tan.ubulk" 823
"D:/GithubFichier/MagnetCars/Content/Vehicles/OffroadCar/Materials/Textures/T_OffroadCar_Seats_Tan.uasset" 824
"D:/GithubFichier/MagnetCars/Content/Vehicles/OffroadCar/Materials/Textures/T_OffroadCar_Seats_Tan.uexp" 825
"D:/GithubFichier/MagnetCars/Content/Vehicles/OffroadCar/Materials/Textures/T_OffroadCar_Seats_BN.ubulk" 826
"D:/GithubFichier/MagnetCars/Content/Vehicles/OffroadCar/Materials/Textures/T_OffroadCar_Seats_BN.uasset" 827
"D:/GithubFichier/MagnetCars/Content/Vehicles/OffroadCar/Materials/Textures/T_OffroadCar_Seats_BN.uexp" 828
"D:/GithubFichier/MagnetCars/Content/Vehicles/OffroadCar/Materials/Textures/T_OffroadCar_Seats_MSR.ubulk" 829
"D:/GithubFichier/MagnetCars/Content/Vehicles/OffroadCar/Materials/Textures/T_OffroadCar_Seats_MSR.uasset" 830
"D:/GithubFichier/MagnetCars/Content/Vehicles/OffroadCar/Materials/Textures/T_OffroadCar_Seats_MSR.uexp" 831
"D:/GithubFichier/MagnetCars/Content/Vehicles/OffroadCar/Materials/MI_OffroadCar_Seats.uasset" 832
"D:/GithubFichier/MagnetCars/Content/Vehicles/OffroadCar/Materials/MI_OffroadCar_Seats.uexp" 833
"D:/GithubFichier/MagnetCars/Content/Vehicles/OffroadCar/Materials/MI_OffroadCar_Lights.uasset" 834
"D:/GithubFichier/MagnetCars/Content/Vehicles/OffroadCar/Materials/MI_OffroadCar_Lights.uexp" 835
"D:/GithubFichier/MagnetCars/Content/Vehicles/OffroadCar/Materials/Textures/T_OffroadCar_Body_N.ubulk" 836
"D:/GithubFichier/MagnetCars/Content/Vehicles/OffroadCar/Materials/Textures/T_OffroadCar_Body_N.uasset" 837
"D:/GithubFichier/MagnetCars/Content/Vehicles/OffroadCar/Materials/Textures/T_OffroadCar_Body_N.uexp" 838
"D:/GithubFichier/MagnetCars/Content/Vehicles/OffroadCar/Materials/Textures/T_OffroadCar_Body_MSR.ubulk" 839
"D:/GithubFichier/MagnetCars/Content/Vehicles/OffroadCar/Materials/Textures/T_OffroadCar_Body_MSR.uasset" 840
"D:/GithubFichier/MagnetCars/Content/Vehicles/OffroadCar/Materials/Textures/T_OffroadCar_Body_MSR.uexp" 841
"D:/GithubFichier/MagnetCars/Content/Vehicles/OffroadCar/Materials/Textures/T_OffroadCar_Body_BN.ubulk" 842
"D:/GithubFichier/MagnetCars/Content/Vehicles/OffroadCar/Materials/Textures/T_OffroadCar_Body_BN.uasset" 843
"D:/GithubFichier/MagnetCars/Content/Vehicles/OffroadCar/Materials/Textures/T_OffroadCar_Body_BN.uexp" 844
"D:/GithubFichier/MagnetCars/Content/Vehicles/OffroadCar/Materials/Textures/T_Vehicle_Light_M.ubulk" 845
"D:/GithubFichier/MagnetCars/Content/Vehicles/OffroadCar/Materials/Textures/T_Vehicle_Light_M.uasset" 846
"D:/GithubFichier/MagnetCars/Content/Vehicles/OffroadCar/Materials/Textures/T_Vehicle_Light_M.uexp" 847
"D:/GithubFichier/MagnetCars/Content/Vehicles/OffroadCar/Materials/Textures/T_OffroadCar_Body_CCRCCP.ubulk" 848
"D:/GithubFichier/MagnetCars/Content/Vehicles/OffroadCar/Materials/Textures/T_OffroadCar_Body_CCRCCP.uasset" 849
"D:/GithubFichier/MagnetCars/Content/Vehicles/OffroadCar/Materials/Textures/T_OffroadCar_Body_CCRCCP.uexp" 850
"D:/GithubFichier/MagnetCars/Content/Vehicles/OffroadCar/Materials/Textures/T_OffroadCar_Body_ASAOPM.ubulk" 851
"D:/GithubFichier/MagnetCars/Content/Vehicles/OffroadCar/Materials/Textures/T_OffroadCar_Body_ASAOPM.uasset" 852
"D:/GithubFichier/MagnetCars/Content/Vehicles/OffroadCar/Materials/Textures/T_OffroadCar_Body_ASAOPM.uexp" 853
"D:/GithubFichier/MagnetCars/Content/Vehicles/OffroadCar/Materials/Textures/T_OffroadCar_Body_D.ubulk" 854
"D:/GithubFichier/MagnetCars/Content/Vehicles/OffroadCar/Materials/Textures/T_OffroadCar_Body_D.uasset" 855
"D:/GithubFichier/MagnetCars/Content/Vehicles/OffroadCar/Materials/Textures/T_OffroadCar_Body_D.uexp" 856
"D:/GithubFichier/MagnetCars/Content/Vehicles/OffroadCar/Materials/MI_OffroadCar_Main.uasset" 857
"D:/GithubFichier/MagnetCars/Content/Vehicles/OffroadCar/Materials/MI_OffroadCar_Main.uexp" 858
"D:/GithubFichier/MagnetCars/Content/Vehicles/OffroadCar/SM_Offroad_Body.ubulk" 859
"D:/GithubFichier/MagnetCars/Content/Vehicles/OffroadCar/SM_Offroad_Body.uasset" 860
"D:/GithubFichier/MagnetCars/Content/Vehicles/OffroadCar/SM_Offroad_Body.uexp" 861
"D:/GithubFichier/MagnetCars/Content/VehicleTemplate/Blueprints/OffroadCar/OffroadCar_WheelsFront.uasset" 862
"D:/GithubFichier/MagnetCars/Content/VehicleTemplate/Blueprints/OffroadCar/OffroadCar_WheelsFront.uexp" 863
"D:/GithubFichier/MagnetCars/Content/Vehicles/OffroadCar/Materials/MI_OffroadCar_Wheel.uasset" 864
"D:/GithubFichier/MagnetCars/Content/Vehicles/OffroadCar/Materials/MI_OffroadCar_Wheel.uexp" 865
"D:/GithubFichier/MagnetCars/Content/Vehicles/OffroadCar/SKM_Offroad_PhysicsAsset.uasset" 866
"D:/GithubFichier/MagnetCars/Content/Vehicles/OffroadCar/SKM_Offroad_PhysicsAsset.uexp" 867
"D:/GithubFichier/MagnetCars/Content/Vehicles/OffroadCar/SKM_Offroad_Skeleton.uasset" 868
"D:/GithubFichier/MagnetCars/Content/Vehicles/OffroadCar/SKM_Offroad_Skeleton.uexp" 869
"D:/GithubFichier/MagnetCars/Content/Vehicles/OffroadCar/SKM_Offroad.uasset" 870
"D:/GithubFichier/MagnetCars/Content/Vehicles/OffroadCar/SKM_Offroad.uexp" 871
"D:/GithubFichier/MagnetCars/Content/Vehicles/OffroadCar/Offroad_CtrlRig.uasset" 872
"D:/GithubFichier/MagnetCars/Content/Vehicles/OffroadCar/Offroad_CtrlRig.uexp" 873
"D:/GithubFichier/MagnetCars/Content/Vehicles/OffroadCar/Offroad_AnimBP.uasset" 874
"D:/GithubFichier/MagnetCars/Content/Vehicles/OffroadCar/Offroad_AnimBP.uexp" 875
"D:/GithubFichier/MagnetCars/Content/VehicleTemplate/Blueprints/OffroadCar/OffroadCar_Pawn.uasset" 876
"D:/GithubFichier/MagnetCars/Content/VehicleTemplate/Blueprints/OffroadCar/OffroadCar_Pawn.uexp" 877
"D:/GithubFichier/MagnetCars/Content/VehicleTemplate/Blueprints/VehicleUI.uasset" 878
"D:/GithubFichier/MagnetCars/Content/VehicleTemplate/Blueprints/VehicleUI.uexp" 879
"D:/GithubFichier/MagnetCars/Content/VehicleTemplate/Blueprints/VehiclePlayerController.uasset" 880
"D:/GithubFichier/MagnetCars/Content/VehicleTemplate/Blueprints/VehiclePlayerController.uexp" 881
"D:/GithubFichier/MagnetCars/Content/VehicleTemplate/Blueprints/VehicleAdvGameMode.uasset" 882
"D:/GithubFichier/MagnetCars/Content/VehicleTemplate/Blueprints/VehicleAdvGameMode.uexp" 883
"D:/GithubFichier/MagnetCars/Content/VehicleTemplate/Blueprints/OffroadGameMode.uasset" 884
"D:/GithubFichier/MagnetCars/Content/VehicleTemplate/Blueprints/OffroadGameMode.uexp" 885
"D:/GithubFichier/MagnetCars/Content/VehicleTemplate/Maps/VehicleOffroadExampleMap_HLOD0_Instancing.uasset" 886
"D:/GithubFichier/MagnetCars/Content/VehicleTemplate/Maps/VehicleOffroadExampleMap_HLOD0_Instancing.uexp" 887
"D:/GithubFichier/MagnetCars/Content/MyContent/MapsManager/MapsAntoine/VehicleOffroadExampleMap.uexp" 888
"D:/GithubFichier/MagnetCars/Content/MyContent/MapsManager/MapsAntoine/VehicleOffroadExampleMap.ubulk" 889
"D:/GithubFichier/MagnetCars/Content/MyContent/MapsManager/MapsAntoine/VehicleOffroadExampleMap.umap" 890
"../../../Engine/Content/Maps/Templates/HLODs/HLODLayer_Instanced.uasset" 891
"../../../Engine/Content/Maps/Templates/HLODs/HLODLayer_Instanced.uexp" 892
"D:/GithubFichier/MagnetCars/Content/MyContent/MapsManager/MapsAntoine/VehicleExampleMap.uexp" 893
"D:/GithubFichier/MagnetCars/Content/MyContent/MapsManager/MapsAntoine/VehicleExampleMap.umap" 894
"D:/GithubFichier/MagnetCars/Content/MyContent/MapsManager/MapsCharles/VehicleOffroadExampleMap.uexp" 895
"D:/GithubFichier/MagnetCars/Content/MyContent/MapsManager/MapsCharles/VehicleOffroadExampleMap.ubulk" 896
"D:/GithubFichier/MagnetCars/Content/MyContent/MapsManager/MapsCharles/VehicleOffroadExampleMap.umap" 897
"D:/GithubFichier/MagnetCars/Content/MyContent/MapsManager/MapsCharles/VehicleExampleMap.uexp" 898
"D:/GithubFichier/MagnetCars/Content/MyContent/MapsManager/MapsCharles/VehicleExampleMap.umap" 899
"D:/GithubFichier/MagnetCars/Content/MyContent/MapsManager/MapsFrancoisGuillaume/VehicleOffroadExampleMap.uexp" 900
"D:/GithubFichier/MagnetCars/Content/MyContent/MapsManager/MapsFrancoisGuillaume/VehicleOffroadExampleMap.ubulk" 901
"D:/GithubFichier/MagnetCars/Content/MyContent/MapsManager/MapsFrancoisGuillaume/VehicleOffroadExampleMap.umap" 902
"D:/GithubFichier/MagnetCars/Content/MyContent/MapsManager/MapsFrancoisGuillaume/Levels/Game/VehicleExampleMapPeron.uexp" 903
"D:/GithubFichier/MagnetCars/Content/MyContent/MapsManager/MapsFrancoisGuillaume/Levels/Game/VehicleExampleMapPeron.umap" 904
"D:/GithubFichier/MagnetCars/Content/MyContent/MapsManager/MapsFrancoisGuillaume/Levels/Menu/UI_Username.uasset" 905
"D:/GithubFichier/MagnetCars/Content/MyContent/MapsManager/MapsFrancoisGuillaume/Levels/Menu/UI_Username.uexp" 906
"../../../Engine/Content/BasicShapes/Cube.ubulk" 907
"../../../Engine/Content/BasicShapes/Cube.uasset" 908
"../../../Engine/Content/BasicShapes/Cube.uexp" 909
"../../../Engine/Content/BasicShapes/BasicShapeMaterial.uasset" 910
"../../../Engine/Content/BasicShapes/BasicShapeMaterial.uexp" 911
"D:/GithubFichier/MagnetCars/Content/MyContent/MapsManager/MapsFrancoisGuillaume/Levels/Lobby/Character_CarCube.uasset" 912
"D:/GithubFichier/MagnetCars/Content/MyContent/MapsManager/MapsFrancoisGuillaume/Levels/Lobby/Character_CarCube.uexp" 913
"D:/GithubFichier/MagnetCars/Content/MyContent/MapsManager/MapsFrancoisGuillaume/Levels/Lobby/PS_Lobby.uasset" 914
"D:/GithubFichier/MagnetCars/Content/MyContent/MapsManager/MapsFrancoisGuillaume/Levels/Lobby/PS_Lobby.uexp" 915
"D:/GithubFichier/MagnetCars/Content/MyContent/MapsManager/MapsFrancoisGuillaume/Levels/Lobby/UI_Lobby.uasset" 916
"D:/GithubFichier/MagnetCars/Content/MyContent/MapsManager/MapsFrancoisGuillaume/Levels/Lobby/UI_Lobby.uexp" 917
"D:/GithubFichier/MagnetCars/Content/MyContent/MapsManager/MapsFrancoisGuillaume/Levels/Lobby/PC_Lobby.uasset" 918
"D:/GithubFichier/MagnetCars/Content/MyContent/MapsManager/MapsFrancoisGuillaume/Levels/Lobby/PC_Lobby.uexp" 919
"D:/GithubFichier/MagnetCars/Content/MyContent/MapsManager/MapsFrancoisGuillaume/Levels/Lobby/GS_Lobby.uasset" 920
"D:/GithubFichier/MagnetCars/Content/MyContent/MapsManager/MapsFrancoisGuillaume/Levels/Lobby/GS_Lobby.uexp" 921
"D:/GithubFichier/MagnetCars/Content/MyContent/MapsManager/MapsFrancoisGuillaume/Levels/Lobby/GM_Lobby.uasset" 922
"D:/GithubFichier/MagnetCars/Content/MyContent/MapsManager/MapsFrancoisGuillaume/Levels/Lobby/GM_Lobby.uexp" 923
"D:/GithubFichier/MagnetCars/Content/MyContent/MapsManager/MapsFrancoisGuillaume/Levels/Lobby/Lobby.uexp" 924
"D:/GithubFichier/MagnetCars/Content/MyContent/MapsManager/MapsFrancoisGuillaume/Levels/Lobby/Lobby.umap" 925
"D:/GithubFichier/MagnetCars/Content/MyContent/MapsManager/MapsFrancoisGuillaume/Levels/Menu/MainMenu.uexp" 926
"D:/GithubFichier/MagnetCars/Content/MyContent/MapsManager/MapsFrancoisGuillaume/Levels/Menu/MainMenu.umap" 927
"../../../Engine/Content/EngineSky/T_Sky_Stars.ubulk" 928
"../../../Engine/Content/EngineSky/T_Sky_Stars.uasset" 929
"../../../Engine/Content/EngineSky/T_Sky_Stars.uexp" 930
"../../../Engine/Content/EngineSky/T_Sky_Clouds_M.ubulk" 931
"../../../Engine/Content/EngineSky/T_Sky_Clouds_M.uasset" 932
"../../../Engine/Content/EngineSky/T_Sky_Clouds_M.uexp" 933
"../../../Engine/Content/EngineSky/T_Sky_Blue.ubulk" 934
"../../../Engine/Content/EngineSky/T_Sky_Blue.uasset" 935
"../../../Engine/Content/EngineSky/T_Sky_Blue.uexp" 936
"../../../Engine/Content/EngineSky/M_Sky_Panning_Clouds2.uasset" 937
"../../../Engine/Content/EngineSky/M_Sky_Panning_Clouds2.uexp" 938
"../../../Engine/Content/EngineSky/SM_SkySphere.ubulk" 939
"../../../Engine/Content/EngineSky/SM_SkySphere.uasset" 940
"../../../Engine/Content/EngineSky/SM_SkySphere.uexp" 941
"D:/GithubFichier/MagnetCars/Content/MyContent/MapsManager/MapsFrancoisGuillaume/Levels/LobbySystem/PS_LobbySystem.uasset" 942
"D:/GithubFichier/MagnetCars/Content/MyContent/MapsManager/MapsFrancoisGuillaume/Levels/LobbySystem/PS_LobbySystem.uexp" 943
"D:/GithubFichier/MagnetCars/Content/MyContent/MapsManager/MapsFrancoisGuillaume/Levels/LobbySystem/Pawn_LobbySystem.uasset" 944
"D:/GithubFichier/MagnetCars/Content/MyContent/MapsManager/MapsFrancoisGuillaume/Levels/LobbySystem/Pawn_LobbySystem.uexp" 945
"D:/GithubFichier/MagnetCars/Content/MyContent/MapsManager/MapsFrancoisGuillaume/Material/Material_RedTest.uasset" 946
"D:/GithubFichier/MagnetCars/Content/MyContent/MapsManager/MapsFrancoisGuillaume/Material/Material_RedTest.uexp" 947
"D:/GithubFichier/MagnetCars/Content/MyContent/MapsManager/MapsFrancoisGuillaume/Levels/LobbySystem/BP_PlayerLobbyCar.uasset" 948
"D:/GithubFichier/MagnetCars/Content/MyContent/MapsManager/MapsFrancoisGuillaume/Levels/LobbySystem/BP_PlayerLobbyCar.uexp" 949
"D:/GithubFichier/MagnetCars/Content/MyContent/MapsManager/MapsFrancoisGuillaume/Levels/LobbySystem/GS_LobbySystem.uasset" 950
"D:/GithubFichier/MagnetCars/Content/MyContent/MapsManager/MapsFrancoisGuillaume/Levels/LobbySystem/GS_LobbySystem.uexp" 951
"D:/GithubFichier/MagnetCars/Content/MyContent/MapsManager/MapsFrancoisGuillaume/Material/Material_BlueTest.uasset" 952
"D:/GithubFichier/MagnetCars/Content/MyContent/MapsManager/MapsFrancoisGuillaume/Material/Material_BlueTest.uexp" 953
"D:/GithubFichier/MagnetCars/Content/MyContent/MapsManager/MapsFrancoisGuillaume/Material/Material_GreenTest.uasset" 954
"D:/GithubFichier/MagnetCars/Content/MyContent/MapsManager/MapsFrancoisGuillaume/Material/Material_GreenTest.uexp" 955
"D:/GithubFichier/MagnetCars/Content/MyContent/MapsManager/MapsFrancoisGuillaume/Levels/LobbySystem/UI_LobbySystem.uasset" 956
"D:/GithubFichier/MagnetCars/Content/MyContent/MapsManager/MapsFrancoisGuillaume/Levels/LobbySystem/UI_LobbySystem.uexp" 957
"../../../Engine/Content/EditorBlueprintResources/ActorMacros.uasset" 958
"../../../Engine/Content/EditorBlueprintResources/ActorMacros.uexp" 959
"D:/GithubFichier/MagnetCars/Content/MyContent/MapsManager/MapsFrancoisGuillaume/Levels/LobbySystem/PC_LobbySystem.uasset" 960
"D:/GithubFichier/MagnetCars/Content/MyContent/MapsManager/MapsFrancoisGuillaume/Levels/LobbySystem/PC_LobbySystem.uexp" 961
"D:/GithubFichier/MagnetCars/Content/MyContent/MapsManager/MapsFrancoisGuillaume/Levels/LobbySystem/GM_LobbySystem.uasset" 962
"D:/GithubFichier/MagnetCars/Content/MyContent/MapsManager/MapsFrancoisGuillaume/Levels/LobbySystem/GM_LobbySystem.uexp" 963
"../../../Engine/Content/EngineSky/M_SimpleSkyDome.uasset" 964
"../../../Engine/Content/EngineSky/M_SimpleSkyDome.uexp" 965
"D:/GithubFichier/MagnetCars/Content/MyContent/MapsManager/MapsFrancoisGuillaume/Levels/LobbySystem/LobbySystem.uexp" 966
"D:/GithubFichier/MagnetCars/Content/MyContent/MapsManager/MapsFrancoisGuillaume/Levels/LobbySystem/LobbySystem.umap" 967
"D:/GithubFichier/MagnetCars/Content/MyContent/MapsManager/MapsHugo/VehicleOffroadExampleMap.uexp" 968
"D:/GithubFichier/MagnetCars/Content/MyContent/MapsManager/MapsHugo/VehicleOffroadExampleMap.ubulk" 969
"D:/GithubFichier/MagnetCars/Content/MyContent/MapsManager/MapsHugo/VehicleOffroadExampleMap.umap" 970
"D:/GithubFichier/MagnetCars/Content/MyContent/MapsManager/MapsHugo/VehicleExampleMap.uexp" 971
"D:/GithubFichier/MagnetCars/Content/MyContent/MapsManager/MapsHugo/VehicleExampleMap.umap" 972
"D:/GithubFichier/MagnetCars/Content/MyContent/MapsManager/MapsRaph/VehicleOffroadExampleMap.uexp" 973
"D:/GithubFichier/MagnetCars/Content/MyContent/MapsManager/MapsRaph/VehicleOffroadExampleMap.ubulk" 974
"D:/GithubFichier/MagnetCars/Content/MyContent/MapsManager/MapsRaph/VehicleOffroadExampleMap.umap" 975
"D:/GithubFichier/MagnetCars/Content/MyContent/MapsManager/MapsRaph/VehicleExampleMap.uexp" 976
"D:/GithubFichier/MagnetCars/Content/MyContent/MapsManager/MapsRaph/VehicleExampleMap.umap" 977
"D:/GithubFichier/MagnetCars/Content/MyContent/MapsManager/MapsSarah/VehicleOffroadExampleMap.uexp" 978
"D:/GithubFichier/MagnetCars/Content/MyContent/MapsManager/MapsSarah/VehicleOffroadExampleMap.ubulk" 979
"D:/GithubFichier/MagnetCars/Content/MyContent/MapsManager/MapsSarah/VehicleOffroadExampleMap.umap" 980
"D:/GithubFichier/MagnetCars/Content/MyContent/MapsManager/MapsSarah/VehicleExampleMap.uexp" 981
"D:/GithubFichier/MagnetCars/Content/MyContent/MapsManager/MapsSarah/VehicleExampleMap.umap" 982
"D:/GithubFichier/MagnetCars/Content/VehicleTemplate/Maps/VehicleOffroadExampleMap.uexp" 983
"D:/GithubFichier/MagnetCars/Content/VehicleTemplate/Maps/VehicleOffroadExampleMap.ubulk" 984
"D:/GithubFichier/MagnetCars/Content/VehicleTemplate/Maps/VehicleOffroadExampleMap.umap" 985
"D:/GithubFichier/MagnetCars/Content/VehicleTemplate/Maps/VehicleExampleMap.uexp" 986
"D:/GithubFichier/MagnetCars/Content/VehicleTemplate/Maps/VehicleExampleMap.umap" 987
